../Core/Src/main.c:189:5:main	16	static
../Core/Src/main.c:251:6:SystemClock_Config	88	static
../Core/Src/main.c:298:13:MX_LPUART1_UART_Init	8	static
../Core/Src/main.c:345:13:MX_USART2_UART_Init	8	static
../Core/Src/main.c:393:13:MX_SPI1_Init	8	static
../Core/Src/main.c:433:13:MX_TIM2_Init	40	static
../Core/Src/main.c:478:13:MX_GPIO_Init	40	static
../Core/Src/main.c:522:13:App_SensorsInit	16	static
../Core/Src/main.c:549:13:App_SensorsCalibrationSection	8	static
../Core/Src/main.c:584:13:App_SensorsReadAndCompensate	16	static
../Core/Src/main.c:621:13:App_OrientationUpdateMadgwick	32	static
../Core/Src/main.c:671:13:App_TelemetryUpdateSample	16	static
../Core/Src/main.c:700:13:App_TelemetrySendCdc	136	static
../Core/Src/main.c:740:16:App_FloatToInt32Scaled	24	static
../Core/Src/main.c:752:17:App_TimestampUs	4	static
../Core/Src/main.c:821:6:Error_Handler	4	static,ignoring_inline_asm
