../Core/Src/main.c:290:5:main	8	static
../Core/Src/main.c:359:6:SystemClock_Config	88	static
../Core/Src/main.c:406:13:MX_LPUART1_UART_Init	8	static
../Core/Src/main.c:453:13:MX_USART2_UART_Init	8	static
../Core/Src/main.c:501:13:MX_SPI1_Init	8	static
../Core/Src/main.c:541:13:MX_TIM2_Init	40	static
../Core/Src/main.c:586:13:MX_GPIO_Init	40	static
../Core/Src/main.c:630:13:App_SensorsInit	16	static
../Core/Src/main.c:657:13:App_SensorsCalibrationSection	8	static
../Core/Src/main.c:693:13:App_NormalModeProcess	32	static
../Core/Src/main.c:735:13:App_ReadImuAndCompensate	8	static
../Core/Src/main.c:752:13:App_ReadMagAndCompensate	8	static
../Core/Src/main.c:766:13:App_ReadPressureCompensated	16	static
../Core/Src/main.c:778:13:App_OrientationUpdateMadgwick	40	static
../Core/Src/main.c:832:14:App_ClampOrientationDeltaTime	24	static
../Core/Src/main.c:849:13:App_TelemetryUpdateSample	16	static
../Core/Src/main.c:880:13:App_TelemetrySendCdc	144	static
../Core/Src/main.c:918:13:App_UpdateAccelOnlyAngles	32	static
../Core/Src/main.c:930:16:App_FloatToInt32Scaled	24	static
../Core/Src/main.c:943:17:App_TimestampUs	4	static
../Core/Src/main.c:1760:6:Error_Handler	4	static,ignoring_inline_asm
