../Core/Src/sensor_calibration.c:12:21:sensor_cal_mpu6500_gyro_zero	48	static
../Core/Src/sensor_calibration.c:38:21:sensor_cal_mpu6500_accel_collect_position	56	static
../Core/Src/sensor_calibration.c:64:21:sensor_cal_mpu6500_accel_compute_six_position	40	static
../Core/Src/sensor_calibration.c:111:21:sensor_cal_mpu6500_accel_single_position	48	static
../Core/Src/sensor_calibration.c:147:6:sensor_cal_accel_six_position_clear	16	static
../Core/Src/sensor_calibration.c:157:6:sensor_cal_lis3mdl_mag_minmax_start	16	static
../Core/Src/sensor_calibration.c:173:21:sensor_cal_lis3mdl_mag_minmax_update	32	static
../Core/Src/sensor_calibration.c:201:21:sensor_cal_lis3mdl_mag_minmax_finish	32	static
../Core/Src/sensor_calibration.c:242:21:sensor_cal_dps310_reference_current	56	static
../Core/Src/sensor_calibration.c:273:6:sensor_cal_apply_mpu6500_accel_raw	24	static
../Core/Src/sensor_calibration.c:287:6:sensor_cal_apply_mpu6500_gyro_raw	24	static
../Core/Src/sensor_calibration.c:301:6:sensor_cal_apply_lis3mdl_gauss	40	static
../Core/Src/sensor_calibration.c:327:28:sensor_cal_mpu6500_collect_mean	72	static
../Core/Src/sensor_calibration.c:384:14:sensor_cal_absf	16	static
