Archive member included to satisfy reference by file (symbol)

c:/st/stm32cubeide_1.9.0/stm32cubeide/plugins/com.st.stm32cube.ide.mcu.externaltools.gnu-tools-for-stm32.10.3-2021.10.win32_1.0.0.202111181127/tools/bin/../lib/gcc/arm-none-eabi/10.3.1/../../../../arm-none-eabi/lib/thumb/v7e-m+fp/hard\libc_nano.a(lib_a-errno.o)
                              ./Core/Src/syscalls.o (__errno)
c:/st/stm32cubeide_1.9.0/stm32cubeide/plugins/com.st.stm32cube.ide.mcu.externaltools.gnu-tools-for-stm32.10.3-2021.10.win32_1.0.0.202111181127/tools/bin/../lib/gcc/arm-none-eabi/10.3.1/../../../../arm-none-eabi/lib/thumb/v7e-m+fp/hard\libc_nano.a(lib_a-exit.o)
                              c:/st/stm32cubeide_1.9.0/stm32cubeide/plugins/com.st.stm32cube.ide.mcu.externaltools.gnu-tools-for-stm32.10.3-2021.10.win32_1.0.0.202111181127/tools/bin/../lib/gcc/arm-none-eabi/10.3.1/../../../../arm-none-eabi/lib/thumb/v7e-m+fp/hard/crt0.o (exit)
c:/st/stm32cubeide_1.9.0/stm32cubeide/plugins/com.st.stm32cube.ide.mcu.externaltools.gnu-tools-for-stm32.10.3-2021.10.win32_1.0.0.202111181127/tools/bin/../lib/gcc/arm-none-eabi/10.3.1/../../../../arm-none-eabi/lib/thumb/v7e-m+fp/hard\libc_nano.a(lib_a-impure.o)
                              c:/st/stm32cubeide_1.9.0/stm32cubeide/plugins/com.st.stm32cube.ide.mcu.externaltools.gnu-tools-for-stm32.10.3-2021.10.win32_1.0.0.202111181127/tools/bin/../lib/gcc/arm-none-eabi/10.3.1/../../../../arm-none-eabi/lib/thumb/v7e-m+fp/hard\libc_nano.a(lib_a-exit.o) (_global_impure_ptr)
c:/st/stm32cubeide_1.9.0/stm32cubeide/plugins/com.st.stm32cube.ide.mcu.externaltools.gnu-tools-for-stm32.10.3-2021.10.win32_1.0.0.202111181127/tools/bin/../lib/gcc/arm-none-eabi/10.3.1/../../../../arm-none-eabi/lib/thumb/v7e-m+fp/hard\libc_nano.a(lib_a-init.o)
                              c:/st/stm32cubeide_1.9.0/stm32cubeide/plugins/com.st.stm32cube.ide.mcu.externaltools.gnu-tools-for-stm32.10.3-2021.10.win32_1.0.0.202111181127/tools/bin/../lib/gcc/arm-none-eabi/10.3.1/../../../../arm-none-eabi/lib/thumb/v7e-m+fp/hard/crt0.o (__libc_init_array)
c:/st/stm32cubeide_1.9.0/stm32cubeide/plugins/com.st.stm32cube.ide.mcu.externaltools.gnu-tools-for-stm32.10.3-2021.10.win32_1.0.0.202111181127/tools/bin/../lib/gcc/arm-none-eabi/10.3.1/../../../../arm-none-eabi/lib/thumb/v7e-m+fp/hard\libc_nano.a(lib_a-memcpy-stub.o)
                              ./Core/Src/cal_storage.o (memcpy)
c:/st/stm32cubeide_1.9.0/stm32cubeide/plugins/com.st.stm32cube.ide.mcu.externaltools.gnu-tools-for-stm32.10.3-2021.10.win32_1.0.0.202111181127/tools/bin/../lib/gcc/arm-none-eabi/10.3.1/../../../../arm-none-eabi/lib/thumb/v7e-m+fp/hard\libc_nano.a(lib_a-memset.o)
                              c:/st/stm32cubeide_1.9.0/stm32cubeide/plugins/com.st.stm32cube.ide.mcu.externaltools.gnu-tools-for-stm32.10.3-2021.10.win32_1.0.0.202111181127/tools/bin/../lib/gcc/arm-none-eabi/10.3.1/../../../../arm-none-eabi/lib/thumb/v7e-m+fp/hard/crt0.o (memset)
c:/st/stm32cubeide_1.9.0/stm32cubeide/plugins/com.st.stm32cube.ide.mcu.externaltools.gnu-tools-for-stm32.10.3-2021.10.win32_1.0.0.202111181127/tools/bin/../lib/gcc/arm-none-eabi/10.3.1/../../../../arm-none-eabi/lib/thumb/v7e-m+fp/hard\libc_nano.a(lib_a-snprintf.o)
                              ./Core/Src/main.o (snprintf)
c:/st/stm32cubeide_1.9.0/stm32cubeide/plugins/com.st.stm32cube.ide.mcu.externaltools.gnu-tools-for-stm32.10.3-2021.10.win32_1.0.0.202111181127/tools/bin/../lib/gcc/arm-none-eabi/10.3.1/../../../../arm-none-eabi/lib/thumb/v7e-m+fp/hard\libc_nano.a(lib_a-nano-svfprintf.o)
                              c:/st/stm32cubeide_1.9.0/stm32cubeide/plugins/com.st.stm32cube.ide.mcu.externaltools.gnu-tools-for-stm32.10.3-2021.10.win32_1.0.0.202111181127/tools/bin/../lib/gcc/arm-none-eabi/10.3.1/../../../../arm-none-eabi/lib/thumb/v7e-m+fp/hard\libc_nano.a(lib_a-snprintf.o) (_svfprintf_r)
c:/st/stm32cubeide_1.9.0/stm32cubeide/plugins/com.st.stm32cube.ide.mcu.externaltools.gnu-tools-for-stm32.10.3-2021.10.win32_1.0.0.202111181127/tools/bin/../lib/gcc/arm-none-eabi/10.3.1/../../../../arm-none-eabi/lib/thumb/v7e-m+fp/hard\libc_nano.a(lib_a-nano-vfprintf_i.o)
                              c:/st/stm32cubeide_1.9.0/stm32cubeide/plugins/com.st.stm32cube.ide.mcu.externaltools.gnu-tools-for-stm32.10.3-2021.10.win32_1.0.0.202111181127/tools/bin/../lib/gcc/arm-none-eabi/10.3.1/../../../../arm-none-eabi/lib/thumb/v7e-m+fp/hard\libc_nano.a(lib_a-nano-svfprintf.o) (_printf_i)
c:/st/stm32cubeide_1.9.0/stm32cubeide/plugins/com.st.stm32cube.ide.mcu.externaltools.gnu-tools-for-stm32.10.3-2021.10.win32_1.0.0.202111181127/tools/bin/../lib/gcc/arm-none-eabi/10.3.1/../../../../arm-none-eabi/lib/thumb/v7e-m+fp/hard\libc_nano.a(lib_a-memchr.o)
                              c:/st/stm32cubeide_1.9.0/stm32cubeide/plugins/com.st.stm32cube.ide.mcu.externaltools.gnu-tools-for-stm32.10.3-2021.10.win32_1.0.0.202111181127/tools/bin/../lib/gcc/arm-none-eabi/10.3.1/../../../../arm-none-eabi/lib/thumb/v7e-m+fp/hard\libc_nano.a(lib_a-nano-svfprintf.o) (memchr)
[...]
Memory Configuration

Name             Origin             Length             Attributes
RAM              0x0000000020000000 0x0000000000008000 xrw
FLASH            0x0000000008000000 0x000000000001f800 xr
*default*        0x0000000000000000 0xffffffffffffffff

Linker script and memory map

LOAD c:/st/stm32cubeide_1.9.0/stm32cubeide/plugins/com.st.stm32cube.ide.mcu.externaltools.gnu-tools-for-stm32.10.3-2021.10.win32_1.0.0.202111181127/tools/bin/../lib/gcc/arm-none-eabi/10.3.1/thumb/v7e-m+fp/hard/crti.o
LOAD c:/st/stm32cubeide_1.9.0/stm32cubeide/plugins/com.st.stm32cube.ide.mcu.externaltools.gnu-tools-for-stm32.10.3-2021.10.win32_1.0.0.202111181127/tools/bin/../lib/gcc/arm-none-eabi/10.3.1/thumb/v7e-m+fp/hard/crtbegin.o
LOAD c:/st/stm32cubeide_1.9.0/stm32cubeide/plugins/com.st.stm32cube.ide.mcu.externaltools.gnu-tools-for-stm32.10.3-2021.10.win32_1.0.0.202111181127/tools/bin/../lib/gcc/arm-none-eabi/10.3.1/../../../../arm-none-eabi/lib/thumb/v7e-m+fp/hard/crt0.o
LOAD ./Core/Src/app_calibration.o
LOAD ./Core/Src/cal_storage.o
LOAD ./Core/Src/dps310.o
LOAD ./Core/Src/lis3mdl.o
LOAD ./Core/Src/madgwickFilter.o
LOAD ./Core/Src/main.o
LOAD ./Core/Src/mpu6500.o
LOAD ./Core/Src/sensor_calibration.o
LOAD ./Core/Src/stm32g4xx_hal_msp.o
LOAD ./Core/Src/stm32g4xx_it.o
LOAD ./Core/Src/syscalls.o
LOAD ./Core/Src/sysmem.o
LOAD ./Core/Src/system_stm32g4xx.o
LOAD ./Core/Startup/startup_stm32g431kbux.o
LOAD ./Drivers/STM32G4xx_HAL_Driver/Src/stm32g4xx_hal.o
LOAD ./Drivers/STM32G4xx_HAL_Driver/Src/stm32g4xx_hal_cortex.o
LOAD ./Drivers/STM32G4xx_HAL_Driver/Src/stm32g4xx_hal_dma.o
LOAD ./Drivers/STM32G4xx_HAL_Driver/Src/stm32g4xx_hal_dma_ex.o
LOAD ./Drivers/STM32G4xx_HAL_Driver/Src/stm32g4xx_hal_exti.o
LOAD ./Drivers/STM32G4xx_HAL_Driver/Src/stm32g4xx_hal_flash.o
LOAD ./Drivers/STM32G4xx_HAL_Driver/Src/stm32g4xx_hal_flash_ex.o
LOAD ./Drivers/STM32G4xx_HAL_Driver/Src/stm32g4xx_hal_flash_ramfunc.o
LOAD ./Drivers/STM32G4xx_HAL_Driver/Src/stm32g4xx_hal_gpio.o
LOAD ./Drivers/STM32G4xx_HAL_Driver/Src/stm32g4xx_hal_pcd.o
LOAD ./Drivers/STM32G4xx_HAL_Driver/Src/stm32g4xx_hal_pcd_ex.o
LOAD ./Drivers/STM32G4xx_HAL_Driver/Src/stm32g4xx_hal_pwr.o
LOAD ./Drivers/STM32G4xx_HAL_Driver/Src/stm32g4xx_hal_pwr_ex.o
LOAD ./Drivers/STM32G4xx_HAL_Driver/Src/stm32g4xx_hal_rcc.o
LOAD ./Drivers/STM32G4xx_HAL_Driver/Src/stm32g4xx_hal_rcc_ex.o
LOAD ./Drivers/STM32G4xx_HAL_Driver/Src/stm32g4xx_hal_spi.o
LOAD ./Drivers/STM32G4xx_HAL_Driver/Src/stm32g4xx_hal_spi_ex.o
LOAD ./Drivers/STM32G4xx_HAL_Driver/Src/stm32g4xx_hal_tim.o
LOAD ./Drivers/STM32G4xx_HAL_Driver/Src/stm32g4xx_hal_tim_ex.o
LOAD ./Drivers/STM32G4xx_HAL_Driver/Src/stm32g4xx_hal_uart.o
LOAD ./Drivers/STM32G4xx_HAL_Driver/Src/stm32g4xx_hal_uart_ex.o
LOAD ./Drivers/STM32G4xx_HAL_Driver/Src/stm32g4xx_ll_usb.o
LOAD ./Middlewares/ST/STM32_USB_Device_Library/Class/CDC/Src/usbd_cdc.o
LOAD ./Middlewares/ST/STM32_USB_Device_Library/Core/Src/usbd_core.o
LOAD ./Middlewares/ST/STM32_USB_Device_Library/Core/Src/usbd_ctlreq.o
LOAD ./Middlewares/ST/STM32_USB_Device_Library/Core/Src/usbd_ioreq.o
LOAD ./USB_Device/App/usb_device.o
LOAD ./USB_Device/App/usbd_cdc_if.o
LOAD ./USB_Device/App/usbd_desc.o
LOAD ./USB_Device/Target/usbd_conf.o
START GROUP
LOAD c:/st/stm32cubeide_1.9.0/stm32cubeide/plugins/com.st.stm32cube.ide.mcu.externaltools.gnu-tools-for-stm32.10.3-2021.10.win32_1.0.0.202111181127/tools/bin/../lib/gcc/arm-none-eabi/10.3.1/../../../../arm-none-eabi/lib/thumb/v7e-m+fp/hard\libc_nano.a
LOAD c:/st/stm32cubeide_1.9.0/stm32cubeide/plugins/com.st.stm32cube.ide.mcu.externaltools.gnu-tools-for-stm32.10.3-2021.10.win32_1.0.0.202111181127/tools/bin/../lib/gcc/arm-none-eabi/10.3.1/../../../../arm-none-eabi/lib/thumb/v7e-m+fp/hard\libm.a
END GROUP
START GROUP
LOAD c:/st/stm32cubeide_1.9.0/stm32cubeide/plugins/com.st.stm32cube.ide.mcu.externaltools.gnu-tools-for-stm32.10.3-2021.10.win32_1.0.0.202111181127/tools/bin/../lib/gcc/arm-none-eabi/10.3.1/thumb/v7e-m+fp/hard\libgcc.a
LOAD c:/st/stm32cubeide_1.9.0/stm32cubeide/plugins/com.st.stm32cube.ide.mcu.externaltools.gnu-tools-for-stm32.10.3-2021.10.win32_1.0.0.202111181127/tools/bin/../lib/gcc/arm-none-eabi/10.3.1/../../../../arm-none-eabi/lib/thumb/v7e-m+fp/hard\libc_nano.a
END GROUP
START GROUP
LOAD c:/st/stm32cubeide_1.9.0/stm32cubeide/plugins/com.st.stm32cube.ide.mcu.externaltools.gnu-tools-for-stm32.10.3-2021.10.win32_1.0.0.202111181127/tools/bin/../lib/gcc/arm-none-eabi/10.3.1/thumb/v7e-m+fp/hard\libgcc.a
LOAD c:/st/stm32cubeide_1.9.0/stm32cubeide/plugins/com.st.stm32cube.ide.mcu.externaltools.gnu-tools-for-stm32.10.3-2021.10.win32_1.0.0.202111181127/tools/bin/../lib/gcc/arm-none-eabi/10.3.1/../../../../arm-none-eabi/lib/thumb/v7e-m+fp/hard\libc_nano.a
LOAD c:/st/stm32cubeide_1.9.0/stm32cubeide/plugins/com.st.stm32cube.ide.mcu.externaltools.gnu-tools-for-stm32.10.3-2021.10.win32_1.0.0.202111181127/tools/bin/../lib/gcc/arm-none-eabi/10.3.1/../../../../arm-none-eabi/lib/thumb/v7e-m+fp/hard\libnosys.a
END GROUP
START GROUP
LOAD c:/st/stm32cubeide_1.9.0/stm32cubeide/plugins/com.st.stm32cube.ide.mcu.externaltools.gnu-tools-for-stm32.10.3-2021.10.win32_1.0.0.202111181127/tools/bin/../lib/gcc/arm-none-eabi/10.3.1/thumb/v7e-m+fp/hard\libgcc.a
LOAD c:/st/stm32cubeide_1.9.0/stm32cubeide/plugins/com.st.stm32cube.ide.mcu.externaltools.gnu-tools-for-stm32.10.3-2021.10.win32_1.0.0.202111181127/tools/bin/../lib/gcc/arm-none-eabi/10.3.1/../../../../arm-none-eabi/lib/thumb/v7e-m+fp/hard\libc_nano.a
LOAD c:/st/stm32cubeide_1.9.0/stm32cubeide/plugins/com.st.stm32cube.ide.mcu.externaltools.gnu-tools-for-stm32.10.3-2021.10.win32_1.0.0.202111181127/tools/bin/../lib/gcc/arm-none-eabi/10.3.1/../../../../arm-none-eabi/lib/thumb/v7e-m+fp/hard\libnosys.a
END GROUP
LOAD c:/st/stm32cubeide_1.9.0/stm32cubeide/plugins/com.st.stm32cube.ide.mcu.externaltools.gnu-tools-for-stm32.10.3-2021.10.win32_1.0.0.202111181127/tools/bin/../lib/gcc/arm-none-eabi/10.3.1/thumb/v7e-m+fp/hard/crtend.o
LOAD c:/st/stm32cubeide_1.9.0/stm32cubeide/plugins/com.st.stm32cube.ide.mcu.externaltools.gnu-tools-for-stm32.10.3-2021.10.win32_1.0.0.202111181127/tools/bin/../lib/gcc/arm-none-eabi/10.3.1/thumb/v7e-m+fp/hard/crtn.o
                0x0000000020008000                _estack = (ORIGIN (RAM) + LENGTH (RAM))
                0x0000000000000200                _Min_Heap_Size = 0x200
                0x0000000000000400                _Min_Stack_Size = 0x400

.isr_vector     0x0000000008000000      0x1d8
                0x0000000008000000                . = ALIGN (0x4)
 *(.isr_vector)
 .isr_vector    0x0000000008000000      0x1d8 ./Core/Startup/startup_stm32g431kbux.o
                0x0000000008000000                g_pfnVectors
                0x00000000080001d8                . = ALIGN (0x4)

.text           0x00000000080001e0     0xf278
                0x00000000080001e0                . = ALIGN (0x4)
 *(.text)
 .text          0x00000000080001e0       0x40 c:/st/stm32cubeide_1.9.0/stm32cubeide/plugins/com.st.stm32cube.ide.mcu.externaltools.gnu-tools-for-stm32.10.3-2021.10.win32_1.0.0.202111181127/tools/bin/../lib/gcc/arm-none-eabi/10.3.1/thumb/v7e-m+fp/hard/crtbegin.o
 .text          0x0000000008000220       0xa0 c:/st/stm32cubeide_1.9.0/stm32cubeide/plugins/com.st.stm32cube.ide.mcu.externaltools.gnu-tools-for-stm32.10.3-2021.10.win32_1.0.0.202111181127/tools/bin/../lib/gcc/arm-none-eabi/10.3.1/../../../../arm-none-eabi/lib/thumb/v7e-m+fp/hard\libc_nano.a(lib_a-memchr.o)
                0x0000000008000220                memchr
 .text          0x00000000080002c0      0x378 c:/st/stm32cubeide_1.9.0/stm32cubeide/plugins/com.st.stm32cube.ide.mcu.externaltools.gnu-tools-for-stm32.10.3-2021.10.win32_1.0.0.202111181127/tools/bin/../lib/gcc/arm-none-eabi/10.3.1/thumb/v7e-m+fp/hard\libgcc.a(_arm_addsubdf3.o)
                0x00000000080002c0                __aeabi_drsub
                0x00000000080002c8                __aeabi_dsub
                0x00000000080002c8                __subdf3
                0x00000000080002cc                __aeabi_dadd
                0x00000000080002cc                __adddf3
                0x0000000008000544                __floatunsidf
                0x0000000008000544                __aeabi_ui2d
                0x0000000008000564                __floatsidf
                0x0000000008000564                __aeabi_i2d
                0x0000000008000588                __aeabi_f2d
                0x0000000008000588                __extendsfdf2
                0x00000000080005cc                __floatundidf
                0x00000000080005cc                __aeabi_ul2d
                0x00000000080005dc                __floatdidf
                0x00000000080005dc                __aeabi_l2d
 .text          0x0000000008000638      0x424 c:/st/stm32cubeide_1.9.0/stm32cubeide/plugins/com.st.stm32cube.ide.mcu.externaltools.gnu-tools-for-stm32.10.3-2021.10.win32_1.0.0.202111181127/tools/bin/../lib/gcc/arm-none-eabi/10.3.1/thumb/v7e-m+fp/hard\libgcc.a(_arm_muldivdf3.o)
                0x0000000008000638                __aeabi_dmul
                0x0000000008000638                __muldf3
                0x000000000800088c                __divdf3
                0x000000000800088c                __aeabi_ddiv
 .text          0x0000000008000a5c      0x110 c:/st/stm32cubeide_1.9.0/stm32cubeide/plugins/com.st.stm32cube.ide.mcu.externaltools.gnu-tools-for-stm32.10.3-2021.10.win32_1.0.0.202111181127/tools/bin/../lib/gcc/arm-none-eabi/10.3.1/thumb/v7e-m+fp/hard\libgcc.a(_arm_cmpdf2.o)
                0x0000000008000a5c                __gtdf2
                0x0000000008000a5c                __gedf2
                0x0000000008000a64                __ltdf2
                0x0000000008000a64                __ledf2
                0x0000000008000a6c                __nedf2
                0x0000000008000a6c                __eqdf2
                0x0000000008000a6c                __cmpdf2
                0x0000000008000ae8                __aeabi_cdrcmple
                0x0000000008000af8                __aeabi_cdcmpeq
                0x0000000008000af8                __aeabi_cdcmple
                0x0000000008000b08                __aeabi_dcmpeq
                0x0000000008000b1c                __aeabi_dcmplt
                0x0000000008000b30                __aeabi_dcmple
                0x0000000008000b44                __aeabi_dcmpge
                0x0000000008000b58                __aeabi_dcmpgt
 .text          0x0000000008000b6c       0x2c c:/st/stm32cubeide_1.9.0/stm32cubeide/plugins/com.st.stm32cube.ide.mcu.externaltools.gnu-tools-for-stm32.10.3-2021.10.win32_1.0.0.202111181127/tools/bin/../lib/gcc/arm-none-eabi/10.3.1/thumb/v7e-m+fp/hard\libgcc.a(_arm_unorddf2.o)
                0x0000000008000b6c                __unorddf2
                0x0000000008000b6c                __aeabi_dcmpun
 .text          0x0000000008000b98       0xa0 c:/st/stm32cubeide_1.9.0/stm32cubeide/plugins/com.st.stm32cube.ide.mcu.externaltools.gnu-tools-for-stm32.10.3-2021.10.win32_1.0.0.202111181127/tools/bin/../lib/gcc/arm-none-eabi/10.3.1/thumb/v7e-m+fp/hard\libgcc.a(_arm_truncdfsf2.o)
                0x0000000008000b98                __truncdfsf2
                0x0000000008000b98                __aeabi_d2f
 .text          0x0000000008000c38       0x30 c:/st/stm32cubeide_1.9.0/stm32cubeide/plugins/com.st.stm32cube.ide.mcu.externaltools.gnu-tools-for-stm32.10.3-2021.10.win32_1.0.0.202111181127/tools/bin/../lib/gcc/arm-none-eabi/10.3.1/thumb/v7e-m+fp/hard\libgcc.a(_aeabi_uldivmod.o)
                0x0000000008000c38                __aeabi_uldivmod
 .text          0x0000000008000c68      0x2d0 c:/st/stm32cubeide_1.9.0/stm32cubeide/plugins/com.st.stm32cube.ide.mcu.externaltools.gnu-tools-for-stm32.10.3-2021.10.win32_1.0.0.202111181127/tools/bin/../lib/gcc/arm-none-eabi/10.3.1/thumb/v7e-m+fp/hard\libgcc.a(_udivmoddi4.o)
                0x0000000008000c68                __udivmoddi4
 .text          0x0000000008000f38        0x4 c:/st/stm32cubeide_1.9.0/stm32cubeide/plugins/com.st.stm32cube.ide.mcu.externaltools.gnu-tools-for-stm32.10.3-2021.10.win32_1.0.0.202111181127/tools/bin/../lib/gcc/arm-none-eabi/10.3.1/thumb/v7e-m+fp/hard\libgcc.a(_dvmd_tls.o)
                0x0000000008000f38                __aeabi_idiv0
                0x0000000008000f38                __aeabi_ldiv0
 *(.text*)
 .text.app_calibration_init
                0x0000000008000f3c       0xce ./Core/Src/app_calibration.o
                0x0000000008000f3c                app_calibration_init
 .text.app_calibration_apply_stored
                0x000000000800100a       0x8a ./Core/Src/app_calibration.o
                0x000000000800100a                app_calibration_apply_stored
 .text.cal_storage_load
                0x0000000008001094       0x42 ./Core/Src/cal_storage.o
                0x0000000008001094                cal_storage_load
 *fill*         0x00000000080010d6        0x2 
 .text.cal_storage_save
                0x00000000080010d8      0x13c ./Core/Src/cal_storage.o
                0x00000000080010d8                cal_storage_save
 .text.cal_storage_set_defaults
                0x0000000008001214       0xa0 ./Core/Src/cal_storage.o
                0x0000000008001214                cal_storage_set_defaults
 .text.cal_storage_is_valid
                0x00000000080012b4       0x6c ./Core/Src/cal_storage.o
                0x00000000080012b4                cal_storage_is_valid
 .text.cal_storage_crc32
                0x0000000008001320       0x84 ./Core/Src/cal_storage.o
                0x0000000008001320                cal_storage_crc32
 .text.cal_storage_flash_block
                0x00000000080013a4       0x14 ./Core/Src/cal_storage.o
 .text.cal_storage_crc_length
                0x00000000080013b8       0x10 ./Core/Src/cal_storage.o
 .text.cal_storage_program_block
                0x00000000080013c8       0x88 ./Core/Src/cal_storage.o
 .text.dps310_init
                0x0000000008001450       0x5c ./Core/Src/dps310.o
                0x0000000008001450                dps310_init
 .text.dps310_read_product_id
                0x00000000080014ac       0x1e ./Core/Src/dps310.o
                0x00000000080014ac                dps310_read_product_id
 .text.dps310_check_product_id
                0x00000000080014ca       0x3a ./Core/Src/dps310.o
                0x00000000080014ca                dps310_check_product_id
 .text.dps310_read_coefficients_raw
                0x0000000008001504       0x2a ./Core/Src/dps310.o
                0x0000000008001504                dps310_read_coefficients_raw
 .text.dps310_read_calibration
                0x000000000800152e      0x114 ./Core/Src/dps310.o
                0x000000000800152e                dps310_read_calibration
 .text.dps310_configure_continuous
                0x0000000008001642       0x96 ./Core/Src/dps310.o
                0x0000000008001642                dps310_configure_continuous
 .text.dps310_read_pressure_raw
                0x00000000080016d8       0x54 ./Core/Src/dps310.o
                0x00000000080016d8                dps310_read_pressure_raw
 .text.dps310_read_temperature_raw
                0x000000000800172c       0x54 ./Core/Src/dps310.o
                0x000000000800172c                dps310_read_temperature_raw
 .text.dps310_read_compensated
                0x0000000008001780      0x1a0 ./Core/Src/dps310.o
                0x0000000008001780                dps310_read_compensated
 .text.dps310_write_register
                0x0000000008001920       0x40 ./Core/Src/dps310.o
                0x0000000008001920                dps310_write_register
 .text.dps310_read_register
                0x0000000008001960       0x2e ./Core/Src/dps310.o
                0x0000000008001960                dps310_read_register
 .text.dps310_read_registers
                0x000000000800198e       0xb2 ./Core/Src/dps310.o
                0x000000000800198e                dps310_read_registers
 .text.dps310_sign_extend_12
                0x0000000008001a40       0x30 ./Core/Src/dps310.o
 .text.dps310_sign_extend_20
                0x0000000008001a70       0x2c ./Core/Src/dps310.o
 .text.dps310_sign_extend_24
                0x0000000008001a9c       0x28 ./Core/Src/dps310.o
 .text.dps310_scaling_factor
                0x0000000008001ac4       0x8c ./Core/Src/dps310.o
 .text.dps310_spi_write
                0x0000000008001b50       0x86 ./Core/Src/dps310.o
 .text.lis3mdl_init
                0x0000000008001bd6       0x76 ./Core/Src/lis3mdl.o
                0x0000000008001bd6                lis3mdl_init
 .text.lis3mdl_read_who_am_i
                0x0000000008001c4c       0x1e ./Core/Src/lis3mdl.o
                0x0000000008001c4c                lis3mdl_read_who_am_i
 .text.lis3mdl_check_who_am_i
                0x0000000008001c6a       0x36 ./Core/Src/lis3mdl.o
                0x0000000008001c6a                lis3mdl_check_who_am_i
 .text.lis3mdl_configure_continuous
                0x0000000008001ca0       0xc0 ./Core/Src/lis3mdl.o
                0x0000000008001ca0                lis3mdl_configure_continuous
 .text.lis3mdl_read_raw
                0x0000000008001d60       0x74 ./Core/Src/lis3mdl.o
                0x0000000008001d60                lis3mdl_read_raw
 .text.lis3mdl_read_gauss
                0x0000000008001dd4       0x92 ./Core/Src/lis3mdl.o
                0x0000000008001dd4                lis3mdl_read_gauss
 *fill*         0x0000000008001e66        0x2 
 .text.lis3mdl_lsb_per_gauss
                0x0000000008001e68       0x5c ./Core/Src/lis3mdl.o
                0x0000000008001e68                lis3mdl_lsb_per_gauss
 .text.lis3mdl_write_register
                0x0000000008001ec4       0x40 ./Core/Src/lis3mdl.o
                0x0000000008001ec4                lis3mdl_write_register
 .text.lis3mdl_read_register
                0x0000000008001f04       0x2e ./Core/Src/lis3mdl.o
                0x0000000008001f04                lis3mdl_read_register
 .text.lis3mdl_read_registers
                0x0000000008001f32       0xc2 ./Core/Src/lis3mdl.o
                0x0000000008001f32                lis3mdl_read_registers
 .text.lis3mdl_le16_to_i16
                0x0000000008001ff4       0x28 ./Core/Src/lis3mdl.o
 .text.lis3mdl_full_scale_bits
                0x000000000800201c       0x22 ./Core/Src/lis3mdl.o
 .text.lis3mdl_spi_write
                0x000000000800203e       0x86 ./Core/Src/lis3mdl.o
 .text.quat_scalar
                0x00000000080020c4       0x68 ./Core/Src/madgwickFilter.o
 .text.quat_add
                0x000000000800212c       0x9c ./Core/Src/madgwickFilter.o
 .text.quat_sub
                0x00000000080021c8       0x9c ./Core/Src/madgwickFilter.o
 .text.quat_Norm
                0x0000000008002264       0x92 ./Core/Src/madgwickFilter.o
 .text.quat_Normalization
                0x00000000080022f6       0x8a ./Core/Src/madgwickFilter.o
 .text.quat_mult
                0x0000000008002380      0x184 ./Core/Src/madgwickFilter.o
                0x0000000008002380                quat_mult
 .text.imu_filter
                0x0000000008002504      0x414 ./Core/Src/madgwickFilter.o
                0x0000000008002504                imu_filter
 .text.eulerAngles
                0x0000000008002918      0x17c ./Core/Src/madgwickFilter.o
                0x0000000008002918                eulerAngles
 .text.main     0x0000000008002a94       0x4e ./Core/Src/main.o
                0x0000000008002a94                main
 .text.SystemClock_Config
                0x0000000008002ae2       0x98 ./Core/Src/main.o
                0x0000000008002ae2                SystemClock_Config
 *fill*         0x0000000008002b7a        0x2 
 .text.MX_LPUART1_UART_Init
                0x0000000008002b7c       0x94 ./Core/Src/main.o
 .text.MX_USART2_UART_Init
                0x0000000008002c10       0x98 ./Core/Src/main.o
 .text.MX_SPI1_Init
                0x0000000008002ca8       0x7c ./Core/Src/main.o
 .text.MX_GPIO_Init
                0x0000000008002d24       0xfc ./Core/Src/main.o
 .text.App_SensorsInit
                0x0000000008002e20      0x108 ./Core/Src/main.o
 .text.App_SensorsCalibrationSection
                0x0000000008002f28       0x14 ./Core/Src/main.o
 .text.App_SensorsReadAndCompensate
                0x0000000008002f3c       0xe0 ./Core/Src/main.o
 .text.App_OrientationUpdateMadgwick
                0x000000000800301c      0x124 ./Core/Src/main.o
 .text.App_TelemetryUpdateSample
                0x0000000008003140      0x17c ./Core/Src/main.o
 .text.App_TelemetrySendCdc
                0x00000000080032bc      0x1c0 ./Core/Src/main.o
 .text.App_FloatToInt32Scaled
                0x000000000800347c       0x5e ./Core/Src/main.o
 .text.App_TimestampUs
                0x00000000080034da       0x72 ./Core/Src/main.o
 .text.Error_Handler
                0x000000000800354c        0xa ./Core/Src/main.o
                0x000000000800354c                Error_Handler
 .text.mpu6500_init
                0x0000000008003556       0xf8 ./Core/Src/mpu6500.o
                0x0000000008003556                mpu6500_init
 .text.mpu6500_read_who_am_i
                0x000000000800364e       0x1e ./Core/Src/mpu6500.o
                0x000000000800364e                mpu6500_read_who_am_i
 .text.mpu6500_read_raw
                0x000000000800366c       0xc4 ./Core/Src/mpu6500.o
                0x000000000800366c                mpu6500_read_raw
 .text.mpu6500_write_register
                0x0000000008003730       0x40 ./Core/Src/mpu6500.o
                0x0000000008003730                mpu6500_write_register
 .text.mpu6500_read_register
                0x0000000008003770       0x32 ./Core/Src/mpu6500.o
                0x0000000008003770                mpu6500_read_register
 .text.mpu6500_read_registers
                0x00000000080037a2       0xb2 ./Core/Src/mpu6500.o
                0x00000000080037a2                mpu6500_read_registers
 .text.mpu6500_accel_lsb_per_g
                0x0000000008003854       0x58 ./Core/Src/mpu6500.o
                0x0000000008003854                mpu6500_accel_lsb_per_g
 .text.mpu6500_gyro_lsb_per_dps
                0x00000000080038ac       0x5c ./Core/Src/mpu6500.o
                0x00000000080038ac                mpu6500_gyro_lsb_per_dps
 .text.mpu6500_spi_transfer
                0x0000000008003908       0xa8 ./Core/Src/mpu6500.o
 .text.mpu6500_apply_config
                0x00000000080039b0       0xe2 ./Core/Src/mpu6500.o
 .text.mpu6500_be16_to_i16
                0x0000000008003a92       0x28 ./Core/Src/mpu6500.o
 .text.mpu6500_gyro_fs_bits
                0x0000000008003aba       0x22 ./Core/Src/mpu6500.o
 .text.mpu6500_accel_fs_bits
                0x0000000008003adc       0x22 ./Core/Src/mpu6500.o
 .text.sensor_cal_accel_six_position_clear
                0x0000000008003afe       0x22 ./Core/Src/sensor_calibration.o
                0x0000000008003afe                sensor_cal_accel_six_position_clear
 .text.sensor_cal_apply_mpu6500_accel_raw
                0x0000000008003b20       0xa4 ./Core/Src/sensor_calibration.o
                0x0000000008003b20                sensor_cal_apply_mpu6500_accel_raw
 .text.sensor_cal_apply_mpu6500_gyro_raw
                0x0000000008003bc4       0x86 ./Core/Src/sensor_calibration.o
                0x0000000008003bc4                sensor_cal_apply_mpu6500_gyro_raw
 .text.sensor_cal_apply_lis3mdl_gauss
                0x0000000008003c4a      0x110 ./Core/Src/sensor_calibration.o
                0x0000000008003c4a                sensor_cal_apply_lis3mdl_gauss
 *fill*         0x0000000008003d5a        0x2 
 .text.HAL_MspInit
                0x0000000008003d5c       0x48 ./Core/Src/stm32g4xx_hal_msp.o
                0x0000000008003d5c                HAL_MspInit
 .text.HAL_UART_MspInit
                0x0000000008003da4      0x18c ./Core/Src/stm32g4xx_hal_msp.o
                0x0000000008003da4                HAL_UART_MspInit
 .text.HAL_SPI_MspInit
                0x0000000008003f30       0x84 ./Core/Src/stm32g4xx_hal_msp.o
                0x0000000008003f30                HAL_SPI_MspInit
 .text.NMI_Handler
                0x0000000008003fb4        0x6 ./Core/Src/stm32g4xx_it.o
                0x0000000008003fb4                NMI_Handler
 .text.HardFault_Handler
                0x0000000008003fba        0x6 ./Core/Src/stm32g4xx_it.o
                0x0000000008003fba                HardFault_Handler
 .text.MemManage_Handler
                0x0000000008003fc0        0x6 ./Core/Src/stm32g4xx_it.o
                0x0000000008003fc0                MemManage_Handler
 .text.BusFault_Handler
                0x0000000008003fc6        0x6 ./Core/Src/stm32g4xx_it.o
                0x0000000008003fc6                BusFault_Handler
 .text.UsageFault_Handler
                0x0000000008003fcc        0x6 ./Core/Src/stm32g4xx_it.o
                0x0000000008003fcc                UsageFault_Handler
 .text.SVC_Handler
                0x0000000008003fd2        0xe ./Core/Src/stm32g4xx_it.o
                0x0000000008003fd2                SVC_Handler
 .text.DebugMon_Handler
                0x0000000008003fe0        0xe ./Core/Src/stm32g4xx_it.o
                0x0000000008003fe0                DebugMon_Handler
 .text.PendSV_Handler
                0x0000000008003fee        0xe ./Core/Src/stm32g4xx_it.o
                0x0000000008003fee                PendSV_Handler
 .text.SysTick_Handler
                0x0000000008003ffc        0xc ./Core/Src/stm32g4xx_it.o
                0x0000000008003ffc                SysTick_Handler
 .text.USB_LP_IRQHandler
                0x0000000008004008       0x14 ./Core/Src/stm32g4xx_it.o
                0x0000000008004008                USB_LP_IRQHandler
 .text.USART2_IRQHandler
                0x000000000800401c       0x14 ./Core/Src/stm32g4xx_it.o
                0x000000000800401c                USART2_IRQHandler
 .text.LPUART1_IRQHandler
                0x0000000008004030       0x14 ./Core/Src/stm32g4xx_it.o
                0x0000000008004030                LPUART1_IRQHandler
 .text._sbrk    0x0000000008004044       0x6c ./Core/Src/sysmem.o
                0x0000000008004044                _sbrk
 .text.SystemInit
                0x00000000080040b0       0x24 ./Core/Src/system_stm32g4xx.o
                0x00000000080040b0                SystemInit
 .text.Reset_Handler
                0x00000000080040d4       0x50 ./Core/Startup/startup_stm32g431kbux.o
                0x00000000080040d4                Reset_Handler
 .text.Default_Handler
                0x0000000008004124        0x2 ./Core/Startup/startup_stm32g431kbux.o
                0x0000000008004124                RTC_Alarm_IRQHandler
                0x0000000008004124                EXTI2_IRQHandler
                0x0000000008004124                TIM8_TRG_COM_IRQHandler
                0x0000000008004124                TIM8_CC_IRQHandler
                0x0000000008004124                TIM1_CC_IRQHandler
                0x0000000008004124                USB_HP_IRQHandler
                0x0000000008004124                CORDIC_IRQHandler
                0x0000000008004124                EXTI3_IRQHandler
                0x0000000008004124                I2C3_ER_IRQHandler
                0x0000000008004124                EXTI0_IRQHandler
                0x0000000008004124                I2C2_EV_IRQHandler
                0x0000000008004124                FPU_IRQHandler
                0x0000000008004124                FDCAN1_IT1_IRQHandler
                0x0000000008004124                TIM1_UP_TIM16_IRQHandler
                0x0000000008004124                ADC1_2_IRQHandler
                0x0000000008004124                SPI1_IRQHandler
                0x0000000008004124                TIM6_DAC_IRQHandler
                0x0000000008004124                TIM8_UP_IRQHandler
                0x0000000008004124                DMA2_Channel2_IRQHandler
                0x0000000008004124                DMA1_Channel4_IRQHandler
                0x0000000008004124                USART3_IRQHandler
                0x0000000008004124                TIM4_IRQHandler
                0x0000000008004124                DMA2_Channel1_IRQHandler
                0x0000000008004124                I2C1_EV_IRQHandler
                0x0000000008004124                DMA1_Channel6_IRQHandler
                0x0000000008004124                UART4_IRQHandler
                0x0000000008004124                DMA2_Channel4_IRQHandler
                0x0000000008004124                TIM3_IRQHandler
                0x0000000008004124                RCC_IRQHandler
                0x0000000008004124                DMA1_Channel1_IRQHandler
                0x0000000008004124                Default_Handler
                0x0000000008004124                RTC_TAMP_LSECSS_IRQHandler
                0x0000000008004124                FMAC_IRQHandler
                0x0000000008004124                EXTI15_10_IRQHandler
                0x0000000008004124                TIM7_IRQHandler
                0x0000000008004124                UCPD1_IRQHandler
                0x0000000008004124                I2C3_EV_IRQHandler
                0x0000000008004124                EXTI9_5_IRQHandler
                0x0000000008004124                RTC_WKUP_IRQHandler
                0x0000000008004124                PVD_PVM_IRQHandler
                0x0000000008004124                SPI2_IRQHandler
                0x0000000008004124                DMA2_Channel5_IRQHandler
                0x0000000008004124                CRS_IRQHandler
                0x0000000008004124                DMA1_Channel5_IRQHandler
                0x0000000008004124                EXTI4_IRQHandler
                0x0000000008004124                RNG_IRQHandler
                0x0000000008004124                TIM1_TRG_COM_TIM17_IRQHandler
                0x0000000008004124                DMA1_Channel3_IRQHandler
                0x0000000008004124                WWDG_IRQHandler
                0x0000000008004124                DMA2_Channel6_IRQHandler
                0x0000000008004124                FDCAN1_IT0_IRQHandler
                0x0000000008004124                TIM2_IRQHandler
                0x0000000008004124                COMP1_2_3_IRQHandler
                0x0000000008004124                EXTI1_IRQHandler
                0x0000000008004124                I2C2_ER_IRQHandler
                0x0000000008004124                DMA1_Channel2_IRQHandler
                0x0000000008004124                TIM8_BRK_IRQHandler
                0x0000000008004124                FLASH_IRQHandler
                0x0000000008004124                USART1_IRQHandler
                0x0000000008004124                SPI3_IRQHandler
                0x0000000008004124                I2C1_ER_IRQHandler
                0x0000000008004124                LPTIM1_IRQHandler
                0x0000000008004124                DMAMUX_OVR_IRQHandler
                0x0000000008004124                USBWakeUp_IRQHandler
                0x0000000008004124                SAI1_IRQHandler
                0x0000000008004124                DMA2_Channel3_IRQHandler
                0x0000000008004124                COMP4_IRQHandler
                0x0000000008004124                TIM1_BRK_TIM15_IRQHandler
 .text.HAL_Init
                0x0000000008004126       0x30 ./Drivers/STM32G4xx_HAL_Driver/Src/stm32g4xx_hal.o
                0x0000000008004126                HAL_Init
 *fill*         0x0000000008004156        0x2 
 .text.HAL_InitTick
                0x0000000008004158       0x74 ./Drivers/STM32G4xx_HAL_Driver/Src/stm32g4xx_hal.o
                0x0000000008004158                HAL_InitTick
 .text.HAL_IncTick
                0x00000000080041cc       0x24 ./Drivers/STM32G4xx_HAL_Driver/Src/stm32g4xx_hal.o
                0x00000000080041cc                HAL_IncTick
 .text.HAL_GetTick
                0x00000000080041f0       0x18 ./Drivers/STM32G4xx_HAL_Driver/Src/stm32g4xx_hal.o
                0x00000000080041f0                HAL_GetTick
 .text.HAL_Delay
                0x0000000008004208       0x44 ./Drivers/STM32G4xx_HAL_Driver/Src/stm32g4xx_hal.o
                0x0000000008004208                HAL_Delay
 .text.__NVIC_SetPriorityGrouping
                0x000000000800424c       0x48 ./Drivers/STM32G4xx_HAL_Driver/Src/stm32g4xx_hal_cortex.o
 .text.__NVIC_GetPriorityGrouping
                0x0000000008004294       0x1c ./Drivers/STM32G4xx_HAL_Driver/Src/stm32g4xx_hal_cortex.o
 .text.__NVIC_EnableIRQ
                0x00000000080042b0       0x3c ./Drivers/STM32G4xx_HAL_Driver/Src/stm32g4xx_hal_cortex.o
 .text.__NVIC_SetPriority
                0x00000000080042ec       0x54 ./Drivers/STM32G4xx_HAL_Driver/Src/stm32g4xx_hal_cortex.o
 .text.NVIC_EncodePriority
                0x0000000008004340       0x66 ./Drivers/STM32G4xx_HAL_Driver/Src/stm32g4xx_hal_cortex.o
 *fill*         0x00000000080043a6        0x2 
 .text.SysTick_Config
                0x00000000080043a8       0x44 ./Drivers/STM32G4xx_HAL_Driver/Src/stm32g4xx_hal_cortex.o
 .text.HAL_NVIC_SetPriorityGrouping
                0x00000000080043ec       0x16 ./Drivers/STM32G4xx_HAL_Driver/Src/stm32g4xx_hal_cortex.o
                0x00000000080043ec                HAL_NVIC_SetPriorityGrouping
 .text.HAL_NVIC_SetPriority
                0x0000000008004402       0x34 ./Drivers/STM32G4xx_HAL_Driver/Src/stm32g4xx_hal_cortex.o
                0x0000000008004402                HAL_NVIC_SetPriority
 .text.HAL_NVIC_EnableIRQ
                0x0000000008004436       0x1c ./Drivers/STM32G4xx_HAL_Driver/Src/stm32g4xx_hal_cortex.o
                0x0000000008004436                HAL_NVIC_EnableIRQ
 .text.HAL_SYSTICK_Config
                0x0000000008004452       0x18 ./Drivers/STM32G4xx_HAL_Driver/Src/stm32g4xx_hal_cortex.o
                0x0000000008004452                HAL_SYSTICK_Config
 .text.HAL_DMA_Abort
                0x000000000800446a       0xb2 ./Drivers/STM32G4xx_HAL_Driver/Src/stm32g4xx_hal_dma.o
                0x000000000800446a                HAL_DMA_Abort
 .text.HAL_DMA_Abort_IT
                0x000000000800451c       0xce ./Drivers/STM32G4xx_HAL_Driver/Src/stm32g4xx_hal_dma.o
                0x000000000800451c                HAL_DMA_Abort_IT
 *fill*         0x00000000080045ea        0x2 
 .text.HAL_FLASH_Program
                0x00000000080045ec       0xd8 ./Drivers/STM32G4xx_HAL_Driver/Src/stm32g4xx_hal_flash.o
                0x00000000080045ec                HAL_FLASH_Program
 .text.HAL_FLASH_Unlock
                0x00000000080046c4       0x44 ./Drivers/STM32G4xx_HAL_Driver/Src/stm32g4xx_hal_flash.o
                0x00000000080046c4                HAL_FLASH_Unlock
 .text.HAL_FLASH_Lock
                0x0000000008004708       0x34 ./Drivers/STM32G4xx_HAL_Driver/Src/stm32g4xx_hal_flash.o
                0x0000000008004708                HAL_FLASH_Lock
 .text.FLASH_WaitForLastOperation
                0x000000000800473c       0xa8 ./Drivers/STM32G4xx_HAL_Driver/Src/stm32g4xx_hal_flash.o
                0x000000000800473c                FLASH_WaitForLastOperation
 .text.FLASH_Program_DoubleWord
                0x00000000080047e4       0x4c ./Drivers/STM32G4xx_HAL_Driver/Src/stm32g4xx_hal_flash.o
 .text.FLASH_Program_Fast
                0x0000000008004830       0x6c ./Drivers/STM32G4xx_HAL_Driver/Src/stm32g4xx_hal_flash.o
 .text.HAL_FLASHEx_Erase
                0x000000000800489c      0x130 ./Drivers/STM32G4xx_HAL_Driver/Src/stm32g4xx_hal_flash_ex.o
                0x000000000800489c                HAL_FLASHEx_Erase
 .text.FLASH_MassErase
                0x00000000080049cc       0x3c ./Drivers/STM32G4xx_HAL_Driver/Src/stm32g4xx_hal_flash_ex.o
 .text.FLASH_PageErase
                0x0000000008004a08       0x48 ./Drivers/STM32G4xx_HAL_Driver/Src/stm32g4xx_hal_flash_ex.o
                0x0000000008004a08                FLASH_PageErase
 .text.FLASH_FlushCaches
                0x0000000008004a50       0x94 ./Drivers/STM32G4xx_HAL_Driver/Src/stm32g4xx_hal_flash_ex.o
                0x0000000008004a50                FLASH_FlushCaches
 .text.HAL_GPIO_Init
                0x0000000008004ae4      0x304 ./Drivers/STM32G4xx_HAL_Driver/Src/stm32g4xx_hal_gpio.o
                0x0000000008004ae4                HAL_GPIO_Init
 .text.HAL_GPIO_WritePin
                0x0000000008004de8       0x30 ./Drivers/STM32G4xx_HAL_Driver/Src/stm32g4xx_hal_gpio.o
                0x0000000008004de8                HAL_GPIO_WritePin
 .text.HAL_PCD_Init
                0x0000000008004e18      0x19c ./Drivers/STM32G4xx_HAL_Driver/Src/stm32g4xx_hal_pcd.o
                0x0000000008004e18                HAL_PCD_Init
 .text.HAL_PCD_Start
                0x0000000008004fb4       0x44 ./Drivers/STM32G4xx_HAL_Driver/Src/stm32g4xx_hal_pcd.o
                0x0000000008004fb4                HAL_PCD_Start
 .text.HAL_PCD_IRQHandler
                0x0000000008004ff8      0x24e ./Drivers/STM32G4xx_HAL_Driver/Src/stm32g4xx_hal_pcd.o
                0x0000000008004ff8                HAL_PCD_IRQHandler
 .text.HAL_PCD_SetAddress
                0x0000000008005246       0x48 ./Drivers/STM32G4xx_HAL_Driver/Src/stm32g4xx_hal_pcd.o
                0x0000000008005246                HAL_PCD_SetAddress
 .text.HAL_PCD_EP_Open
                0x000000000800528e       0xba ./Drivers/STM32G4xx_HAL_Driver/Src/stm32g4xx_hal_pcd.o
                0x000000000800528e                HAL_PCD_EP_Open
 .text.HAL_PCD_EP_Close
                0x0000000008005348       0x90 ./Drivers/STM32G4xx_HAL_Driver/Src/stm32g4xx_hal_pcd.o
                0x0000000008005348                HAL_PCD_EP_Close
 .text.HAL_PCD_EP_Receive
                0x00000000080053d8       0x62 ./Drivers/STM32G4xx_HAL_Driver/Src/stm32g4xx_hal_pcd.o
                0x00000000080053d8                HAL_PCD_EP_Receive
 .text.HAL_PCD_EP_GetRxCount
                0x000000000800543a       0x30 ./Drivers/STM32G4xx_HAL_Driver/Src/stm32g4xx_hal_pcd.o
                0x000000000800543a                HAL_PCD_EP_GetRxCount
 .text.HAL_PCD_EP_Transmit
                0x000000000800546a       0x6e ./Drivers/STM32G4xx_HAL_Driver/Src/stm32g4xx_hal_pcd.o
                0x000000000800546a                HAL_PCD_EP_Transmit
 .text.HAL_PCD_EP_SetStall
                0x00000000080054d8       0xa4 ./Drivers/STM32G4xx_HAL_Driver/Src/stm32g4xx_hal_pcd.o
                0x00000000080054d8                HAL_PCD_EP_SetStall
 .text.HAL_PCD_EP_ClrStall
                0x000000000800557c       0xa8 ./Drivers/STM32G4xx_HAL_Driver/Src/stm32g4xx_hal_pcd.o
                0x000000000800557c                HAL_PCD_EP_ClrStall
 .text.PCD_EP_ISR_Handler
                0x0000000008005624      0x784 ./Drivers/STM32G4xx_HAL_Driver/Src/stm32g4xx_hal_pcd.o
 .text.HAL_PCD_EP_DB_Receive
                0x0000000008005da8      0x212 ./Drivers/STM32G4xx_HAL_Driver/Src/stm32g4xx_hal_pcd.o
 .text.HAL_PCD_EP_DB_Transmit
                0x0000000008005fba      0x7ec ./Drivers/STM32G4xx_HAL_Driver/Src/stm32g4xx_hal_pcd.o
 .text.HAL_PCDEx_PMAConfig
                0x00000000080067a6       0x86 ./Drivers/STM32G4xx_HAL_Driver/Src/stm32g4xx_hal_pcd_ex.o
                0x00000000080067a6                HAL_PCDEx_PMAConfig
 .text.HAL_PCDEx_ActivateLPM
                0x000000000800682c       0x54 ./Drivers/STM32G4xx_HAL_Driver/Src/stm32g4xx_hal_pcd_ex.o
                0x000000000800682c                HAL_PCDEx_ActivateLPM
 .text.HAL_PWREx_ControlVoltageScaling
                0x0000000008006880      0x148 ./Drivers/STM32G4xx_HAL_Driver/Src/stm32g4xx_hal_pwr_ex.o
                0x0000000008006880                HAL_PWREx_ControlVoltageScaling
 .text.HAL_PWREx_DisableUCPDDeadBattery
                0x00000000080069c8       0x20 ./Drivers/STM32G4xx_HAL_Driver/Src/stm32g4xx_hal_pwr_ex.o
                0x00000000080069c8                HAL_PWREx_DisableUCPDDeadBattery
 .text.HAL_RCC_OscConfig
                0x00000000080069e8      0x624 ./Drivers/STM32G4xx_HAL_Driver/Src/stm32g4xx_hal_rcc.o
                0x00000000080069e8                HAL_RCC_OscConfig
 .text.HAL_RCC_ClockConfig
                0x000000000800700c      0x278 ./Drivers/STM32G4xx_HAL_Driver/Src/stm32g4xx_hal_rcc.o
                0x000000000800700c                HAL_RCC_ClockConfig
 .text.HAL_RCC_GetSysClockFreq
                0x0000000008007284       0xc4 ./Drivers/STM32G4xx_HAL_Driver/Src/stm32g4xx_hal_rcc.o
                0x0000000008007284                HAL_RCC_GetSysClockFreq
 .text.HAL_RCC_GetHCLKFreq
                0x0000000008007348       0x18 ./Drivers/STM32G4xx_HAL_Driver/Src/stm32g4xx_hal_rcc.o
                0x0000000008007348                HAL_RCC_GetHCLKFreq
 .text.HAL_RCC_GetPCLK1Freq
                0x0000000008007360       0x2c ./Drivers/STM32G4xx_HAL_Driver/Src/stm32g4xx_hal_rcc.o
                0x0000000008007360                HAL_RCC_GetPCLK1Freq
 .text.HAL_RCC_GetPCLK2Freq
                0x000000000800738c       0x2c ./Drivers/STM32G4xx_HAL_Driver/Src/stm32g4xx_hal_rcc.o
                0x000000000800738c                HAL_RCC_GetPCLK2Freq
 .text.RCC_GetSysClockFreqFromPLLSource
                0x00000000080073b8       0x8c ./Drivers/STM32G4xx_HAL_Driver/Src/stm32g4xx_hal_rcc.o
 .text.HAL_RCCEx_PeriphCLKConfig
                0x0000000008007444      0x3e0 ./Drivers/STM32G4xx_HAL_Driver/Src/stm32g4xx_hal_rcc_ex.o
                0x0000000008007444                HAL_RCCEx_PeriphCLKConfig
 .text.HAL_SPI_Init
                0x0000000008007824      0x156 ./Drivers/STM32G4xx_HAL_Driver/Src/stm32g4xx_hal_spi.o
                0x0000000008007824                HAL_SPI_Init
 .text.HAL_SPI_Transmit
                0x000000000800797a      0x2ea ./Drivers/STM32G4xx_HAL_Driver/Src/stm32g4xx_hal_spi.o
                0x000000000800797a                HAL_SPI_Transmit
 .text.HAL_SPI_Receive
                0x0000000008007c64      0x26e ./Drivers/STM32G4xx_HAL_Driver/Src/stm32g4xx_hal_spi.o
                0x0000000008007c64                HAL_SPI_Receive
 .text.HAL_SPI_TransmitReceive
                0x0000000008007ed2      0x444 ./Drivers/STM32G4xx_HAL_Driver/Src/stm32g4xx_hal_spi.o
                0x0000000008007ed2                HAL_SPI_TransmitReceive
 *fill*         0x0000000008008316        0x2 
 .text.SPI_WaitFlagStateUntilTimeout
                0x0000000008008318      0x110 ./Drivers/STM32G4xx_HAL_Driver/Src/stm32g4xx_hal_spi.o
 .text.SPI_WaitFifoStateUntilTimeout
                0x0000000008008428      0x12c ./Drivers/STM32G4xx_HAL_Driver/Src/stm32g4xx_hal_spi.o
 .text.SPI_EndRxTransaction
                0x0000000008008554       0xb0 ./Drivers/STM32G4xx_HAL_Driver/Src/stm32g4xx_hal_spi.o
 .text.SPI_EndRxTxTransaction
                0x0000000008008604       0x8c ./Drivers/STM32G4xx_HAL_Driver/Src/stm32g4xx_hal_spi.o
 .text.HAL_UART_Init
                0x0000000008008690       0xa0 ./Drivers/STM32G4xx_HAL_Driver/Src/stm32g4xx_hal_uart.o
                0x0000000008008690                HAL_UART_Init
 .text.HAL_UART_IRQHandler
                0x0000000008008730      0x648 ./Drivers/STM32G4xx_HAL_Driver/Src/stm32g4xx_hal_uart.o
                0x0000000008008730                HAL_UART_IRQHandler
 .text.HAL_UART_TxCpltCallback
                0x0000000008008d78       0x14 ./Drivers/STM32G4xx_HAL_Driver/Src/stm32g4xx_hal_uart.o
                0x0000000008008d78                HAL_UART_TxCpltCallback
 .text.HAL_UART_ErrorCallback
                0x0000000008008d8c       0x14 ./Drivers/STM32G4xx_HAL_Driver/Src/stm32g4xx_hal_uart.o
                0x0000000008008d8c                HAL_UART_ErrorCallback
 .text.HAL_UARTEx_RxEventCallback
                0x0000000008008da0       0x18 ./Drivers/STM32G4xx_HAL_Driver/Src/stm32g4xx_hal_uart.o
                0x0000000008008da0                HAL_UARTEx_RxEventCallback
 .text.UART_SetConfig
                0x0000000008008db8      0x598 ./Drivers/STM32G4xx_HAL_Driver/Src/stm32g4xx_hal_uart.o
                0x0000000008008db8                UART_SetConfig
 .text.UART_AdvFeatureConfig
                0x0000000008009350      0x144 ./Drivers/STM32G4xx_HAL_Driver/Src/stm32g4xx_hal_uart.o
                0x0000000008009350                UART_AdvFeatureConfig
 .text.UART_CheckIdleState
                0x0000000008009494      0x154 ./Drivers/STM32G4xx_HAL_Driver/Src/stm32g4xx_hal_uart.o
                0x0000000008009494                UART_CheckIdleState
 .text.UART_WaitOnFlagUntilTimeout
                0x00000000080095e8       0xda ./Drivers/STM32G4xx_HAL_Driver/Src/stm32g4xx_hal_uart.o
                0x00000000080095e8                UART_WaitOnFlagUntilTimeout
 .text.UART_EndRxTransfer
                0x00000000080096c2       0xcc ./Drivers/STM32G4xx_HAL_Driver/Src/stm32g4xx_hal_uart.o
 .text.UART_DMAAbortOnError
                0x000000000800978e       0x2c ./Drivers/STM32G4xx_HAL_Driver/Src/stm32g4xx_hal_uart.o
 .text.UART_EndTransmit_IT
                0x00000000080097ba       0x56 ./Drivers/STM32G4xx_HAL_Driver/Src/stm32g4xx_hal_uart.o
 .text.HAL_UARTEx_WakeupCallback
                0x0000000008009810       0x14 ./Drivers/STM32G4xx_HAL_Driver/Src/stm32g4xx_hal_uart_ex.o
                0x0000000008009810                HAL_UARTEx_WakeupCallback
 .text.HAL_UARTEx_RxFifoFullCallback
                0x0000000008009824       0x14 ./Drivers/STM32G4xx_HAL_Driver/Src/stm32g4xx_hal_uart_ex.o
                0x0000000008009824                HAL_UARTEx_RxFifoFullCallback
 .text.HAL_UARTEx_TxFifoEmptyCallback
                0x0000000008009838       0x14 ./Drivers/STM32G4xx_HAL_Driver/Src/stm32g4xx_hal_uart_ex.o
                0x0000000008009838                HAL_UARTEx_TxFifoEmptyCallback
 .text.HAL_UARTEx_DisableFifoMode
                0x000000000800984c       0x72 ./Drivers/STM32G4xx_HAL_Driver/Src/stm32g4xx_hal_uart_ex.o
                0x000000000800984c                HAL_UARTEx_DisableFifoMode
 .text.HAL_UARTEx_SetTxFifoThreshold
                0x00000000080098be       0x7c ./Drivers/STM32G4xx_HAL_Driver/Src/stm32g4xx_hal_uart_ex.o
                0x00000000080098be                HAL_UARTEx_SetTxFifoThreshold
 .text.HAL_UARTEx_SetRxFifoThreshold
                0x000000000800993a       0x7c ./Drivers/STM32G4xx_HAL_Driver/Src/stm32g4xx_hal_uart_ex.o
                0x000000000800993a                HAL_UARTEx_SetRxFifoThreshold
 *fill*         0x00000000080099b6        0x2 
 .text.UARTEx_SetNbDataToProcess
                0x00000000080099b8       0x9c ./Drivers/STM32G4xx_HAL_Driver/Src/stm32g4xx_hal_uart_ex.o
 .text.USB_EnableGlobalInt
                0x0000000008009a54       0x2e ./Drivers/STM32G4xx_HAL_Driver/Src/stm32g4xx_ll_usb.o
                0x0000000008009a54                USB_EnableGlobalInt
 .text.USB_DisableGlobalInt
                0x0000000008009a82       0x36 ./Drivers/STM32G4xx_HAL_Driver/Src/stm32g4xx_ll_usb.o
                0x0000000008009a82                USB_DisableGlobalInt
 .text.USB_DevInit
                0x0000000008009ab8       0x3c ./Drivers/STM32G4xx_HAL_Driver/Src/stm32g4xx_ll_usb.o
                0x0000000008009ab8                USB_DevInit
 .text.USB_ActivateEndpoint
                0x0000000008009af4      0x788 ./Drivers/STM32G4xx_HAL_Driver/Src/stm32g4xx_ll_usb.o
                0x0000000008009af4                USB_ActivateEndpoint
 .text.USB_DeactivateEndpoint
                0x000000000800a27c      0x3da ./Drivers/STM32G4xx_HAL_Driver/Src/stm32g4xx_ll_usb.o
                0x000000000800a27c                USB_DeactivateEndpoint
 .text.USB_EPStartXfer
                0x000000000800a656     0x1762 ./Drivers/STM32G4xx_HAL_Driver/Src/stm32g4xx_ll_usb.o
                0x000000000800a656                USB_EPStartXfer
 .text.USB_EPSetStall
                0x000000000800bdb8       0xa2 ./Drivers/STM32G4xx_HAL_Driver/Src/stm32g4xx_ll_usb.o
                0x000000000800bdb8                USB_EPSetStall
 .text.USB_EPClearStall
                0x000000000800be5a      0x15c ./Drivers/STM32G4xx_HAL_Driver/Src/stm32g4xx_ll_usb.o
                0x000000000800be5a                USB_EPClearStall
 .text.USB_SetDevAddress
                0x000000000800bfb6       0x28 ./Drivers/STM32G4xx_HAL_Driver/Src/stm32g4xx_ll_usb.o
                0x000000000800bfb6                USB_SetDevAddress
 .text.USB_DevConnect
                0x000000000800bfde       0x2e ./Drivers/STM32G4xx_HAL_Driver/Src/stm32g4xx_ll_usb.o
                0x000000000800bfde                USB_DevConnect
 .text.USB_ReadInterrupts
                0x000000000800c00c       0x20 ./Drivers/STM32G4xx_HAL_Driver/Src/stm32g4xx_ll_usb.o
                0x000000000800c00c                USB_ReadInterrupts
 .text.USB_WritePMA
                0x000000000800c02c       0x84 ./Drivers/STM32G4xx_HAL_Driver/Src/stm32g4xx_ll_usb.o
                0x000000000800c02c                USB_WritePMA
 .text.USB_ReadPMA
                0x000000000800c0b0       0x98 ./Drivers/STM32G4xx_HAL_Driver/Src/stm32g4xx_ll_usb.o
                0x000000000800c0b0                USB_ReadPMA
 .text.USBD_CDC_Init
                0x000000000800c148       0xfe ./Middlewares/ST/STM32_USB_Device_Library/Class/CDC/Src/usbd_cdc.o
 .text.USBD_CDC_DeInit
                0x000000000800c246       0x74 ./Middlewares/ST/STM32_USB_Device_Library/Class/CDC/Src/usbd_cdc.o
 *fill*         0x000000000800c2ba        0x2 
 .text.USBD_CDC_Setup
                0x000000000800c2bc      0x190 ./Middlewares/ST/STM32_USB_Device_Library/Class/CDC/Src/usbd_cdc.o
 .text.USBD_CDC_DataIn
                0x000000000800c44c       0xca ./Middlewares/ST/STM32_USB_Device_Library/Class/CDC/Src/usbd_cdc.o
 .text.USBD_CDC_DataOut
                0x000000000800c516       0x56 ./Middlewares/ST/STM32_USB_Device_Library/Class/CDC/Src/usbd_cdc.o
 .text.USBD_CDC_EP0_RxReady
                0x000000000800c56c       0x5a ./Middlewares/ST/STM32_USB_Device_Library/Class/CDC/Src/usbd_cdc.o
 *fill*         0x000000000800c5c6        0x2 
 .text.USBD_CDC_GetFSCfgDesc
                0x000000000800c5c8       0x20 ./Middlewares/ST/STM32_USB_Device_Library/Class/CDC/Src/usbd_cdc.o
 .text.USBD_CDC_GetHSCfgDesc
                0x000000000800c5e8       0x20 ./Middlewares/ST/STM32_USB_Device_Library/Class/CDC/Src/usbd_cdc.o
 .text.USBD_CDC_GetOtherSpeedCfgDesc
                0x000000000800c608       0x20 ./Middlewares/ST/STM32_USB_Device_Library/Class/CDC/Src/usbd_cdc.o
 .text.USBD_CDC_GetDeviceQualifierDescriptor
                0x000000000800c628       0x20 ./Middlewares/ST/STM32_USB_Device_Library/Class/CDC/Src/usbd_cdc.o
                0x000000000800c628                USBD_CDC_GetDeviceQualifierDescriptor
 .text.USBD_CDC_RegisterInterface
                0x000000000800c648       0x2a ./Middlewares/ST/STM32_USB_Device_Library/Class/CDC/Src/usbd_cdc.o
                0x000000000800c648                USBD_CDC_RegisterInterface
 .text.USBD_CDC_SetTxBuffer
                0x000000000800c672       0x3c ./Middlewares/ST/STM32_USB_Device_Library/Class/CDC/Src/usbd_cdc.o
                0x000000000800c672                USBD_CDC_SetTxBuffer
 .text.USBD_CDC_SetRxBuffer
                0x000000000800c6ae       0x32 ./Middlewares/ST/STM32_USB_Device_Library/Class/CDC/Src/usbd_cdc.o
                0x000000000800c6ae                USBD_CDC_SetRxBuffer
 .text.USBD_CDC_TransmitPacket
                0x000000000800c6e0       0x60 ./Middlewares/ST/STM32_USB_Device_Library/Class/CDC/Src/usbd_cdc.o
                0x000000000800c6e0                USBD_CDC_TransmitPacket
 .text.USBD_CDC_ReceivePacket
                0x000000000800c740       0x54 ./Middlewares/ST/STM32_USB_Device_Library/Class/CDC/Src/usbd_cdc.o
                0x000000000800c740                USBD_CDC_ReceivePacket
 .text.USBD_Init
                0x000000000800c794       0x60 ./Middlewares/ST/STM32_USB_Device_Library/Core/Src/usbd_core.o
                0x000000000800c794                USBD_Init
 .text.USBD_RegisterClass
                0x000000000800c7f4       0x4e ./Middlewares/ST/STM32_USB_Device_Library/Core/Src/usbd_core.o
                0x000000000800c7f4                USBD_RegisterClass
 .text.USBD_Start
                0x000000000800c842       0x18 ./Middlewares/ST/STM32_USB_Device_Library/Core/Src/usbd_core.o
                0x000000000800c842                USBD_Start
 .text.USBD_RunTestMode
                0x000000000800c85a       0x16 ./Middlewares/ST/STM32_USB_Device_Library/Core/Src/usbd_core.o
                0x000000000800c85a                USBD_RunTestMode
 .text.USBD_SetClassConfig
                0x000000000800c870       0x38 ./Middlewares/ST/STM32_USB_Device_Library/Core/Src/usbd_core.o
                0x000000000800c870                USBD_SetClassConfig
 .text.USBD_ClrClassConfig
                0x000000000800c8a8       0x30 ./Middlewares/ST/STM32_USB_Device_Library/Core/Src/usbd_core.o
                0x000000000800c8a8                USBD_ClrClassConfig
 .text.USBD_LL_SetupStage
                0x000000000800c8d8       0xaa ./Middlewares/ST/STM32_USB_Device_Library/Core/Src/usbd_core.o
                0x000000000800c8d8                USBD_LL_SetupStage
 .text.USBD_LL_DataOutStage
                0x000000000800c982       0xc6 ./Middlewares/ST/STM32_USB_Device_Library/Core/Src/usbd_core.o
                0x000000000800c982                USBD_LL_DataOutStage
 .text.USBD_LL_DataInStage
                0x000000000800ca48      0x12c ./Middlewares/ST/STM32_USB_Device_Library/Core/Src/usbd_core.o
                0x000000000800ca48                USBD_LL_DataInStage
 .text.USBD_LL_Reset
                0x000000000800cb74       0x9c ./Middlewares/ST/STM32_USB_Device_Library/Core/Src/usbd_core.o
                0x000000000800cb74                USBD_LL_Reset
 .text.USBD_LL_SetSpeed
                0x000000000800cc10       0x20 ./Middlewares/ST/STM32_USB_Device_Library/Core/Src/usbd_core.o
                0x000000000800cc10                USBD_LL_SetSpeed
 .text.USBD_LL_Suspend
                0x000000000800cc30       0x2c ./Middlewares/ST/STM32_USB_Device_Library/Core/Src/usbd_core.o
                0x000000000800cc30                USBD_LL_Suspend
 .text.USBD_LL_Resume
                0x000000000800cc5c       0x30 ./Middlewares/ST/STM32_USB_Device_Library/Core/Src/usbd_core.o
                0x000000000800cc5c                USBD_LL_Resume
 .text.USBD_LL_SOF
                0x000000000800cc8c       0x44 ./Middlewares/ST/STM32_USB_Device_Library/Core/Src/usbd_core.o
                0x000000000800cc8c                USBD_LL_SOF
 .text.SWAPBYTE
                0x000000000800ccd0       0x3c ./Middlewares/ST/STM32_USB_Device_Library/Core/Src/usbd_ctlreq.o
 .text.USBD_StdDevReq
                0x000000000800cd0c       0xdc ./Middlewares/ST/STM32_USB_Device_Library/Core/Src/usbd_ctlreq.o
                0x000000000800cd0c                USBD_StdDevReq
 .text.USBD_StdItfReq
                0x000000000800cde8       0x92 ./Middlewares/ST/STM32_USB_Device_Library/Core/Src/usbd_ctlreq.o
                0x000000000800cde8                USBD_StdItfReq
 .text.USBD_StdEPReq
                0x000000000800ce7a      0x2c4 ./Middlewares/ST/STM32_USB_Device_Library/Core/Src/usbd_ctlreq.o
                0x000000000800ce7a                USBD_StdEPReq
 *fill*         0x000000000800d13e        0x2 
 .text.USBD_GetDescriptor
                0x000000000800d140      0x328 ./Middlewares/ST/STM32_USB_Device_Library/Core/Src/usbd_ctlreq.o
 .text.USBD_SetAddress
                0x000000000800d468       0x88 ./Middlewares/ST/STM32_USB_Device_Library/Core/Src/usbd_ctlreq.o
 .text.USBD_SetConfig
                0x000000000800d4f0      0x14c ./Middlewares/ST/STM32_USB_Device_Library/Core/Src/usbd_ctlreq.o
 .text.USBD_GetConfig
                0x000000000800d63c       0x6c ./Middlewares/ST/STM32_USB_Device_Library/Core/Src/usbd_ctlreq.o
 .text.USBD_GetStatus
                0x000000000800d6a8       0x68 ./Middlewares/ST/STM32_USB_Device_Library/Core/Src/usbd_ctlreq.o
 .text.USBD_SetFeature
                0x000000000800d710       0x28 ./Middlewares/ST/STM32_USB_Device_Library/Core/Src/usbd_ctlreq.o
 .text.USBD_ClrFeature
                0x000000000800d738       0x44 ./Middlewares/ST/STM32_USB_Device_Library/Core/Src/usbd_ctlreq.o
 .text.USBD_ParseSetupRequest
                0x000000000800d77c       0x74 ./Middlewares/ST/STM32_USB_Device_Library/Core/Src/usbd_ctlreq.o
                0x000000000800d77c                USBD_ParseSetupRequest
 .text.USBD_CtlError
                0x000000000800d7f0       0x22 ./Middlewares/ST/STM32_USB_Device_Library/Core/Src/usbd_ctlreq.o
                0x000000000800d7f0                USBD_CtlError
 .text.USBD_GetString
                0x000000000800d812       0x8c ./Middlewares/ST/STM32_USB_Device_Library/Core/Src/usbd_ctlreq.o
                0x000000000800d812                USBD_GetString
 .text.USBD_GetLen
                0x000000000800d89e       0x34 ./Middlewares/ST/STM32_USB_Device_Library/Core/Src/usbd_ctlreq.o
 .text.USBD_CtlSendData
                0x000000000800d8d2       0x36 ./Middlewares/ST/STM32_USB_Device_Library/Core/Src/usbd_ioreq.o
                0x000000000800d8d2                USBD_CtlSendData
 .text.USBD_CtlContinueSendData
                0x000000000800d908       0x22 ./Middlewares/ST/STM32_USB_Device_Library/Core/Src/usbd_ioreq.o
                0x000000000800d908                USBD_CtlContinueSendData
 .text.USBD_CtlPrepareRx
                0x000000000800d92a       0x3a ./Middlewares/ST/STM32_USB_Device_Library/Core/Src/usbd_ioreq.o
                0x000000000800d92a                USBD_CtlPrepareRx
 .text.USBD_CtlContinueRx
                0x000000000800d964       0x22 ./Middlewares/ST/STM32_USB_Device_Library/Core/Src/usbd_ioreq.o
                0x000000000800d964                USBD_CtlContinueRx
 .text.USBD_CtlSendStatus
                0x000000000800d986       0x26 ./Middlewares/ST/STM32_USB_Device_Library/Core/Src/usbd_ioreq.o
                0x000000000800d986                USBD_CtlSendStatus
 .text.USBD_CtlReceiveStatus
                0x000000000800d9ac       0x26 ./Middlewares/ST/STM32_USB_Device_Library/Core/Src/usbd_ioreq.o
                0x000000000800d9ac                USBD_CtlReceiveStatus
 *fill*         0x000000000800d9d2        0x2 
 .text.MX_USB_Device_Init
                0x000000000800d9d4       0x60 ./USB_Device/App/usb_device.o
                0x000000000800d9d4                MX_USB_Device_Init
 .text.CDC_Init_FS
                0x000000000800da34       0x28 ./USB_Device/App/usbd_cdc_if.o
 .text.CDC_DeInit_FS
                0x000000000800da5c       0x10 ./USB_Device/App/usbd_cdc_if.o
 .text.CDC_Control_FS
                0x000000000800da6c       0xbc ./USB_Device/App/usbd_cdc_if.o
 .text.CDC_Receive_FS
                0x000000000800db28       0x28 ./USB_Device/App/usbd_cdc_if.o
 .text.CDC_Transmit_FS
                0x000000000800db50       0x4c ./USB_Device/App/usbd_cdc_if.o
                0x000000000800db50                CDC_Transmit_FS
 .text.CDC_TransmitCplt_FS
                0x000000000800db9c       0x22 ./USB_Device/App/usbd_cdc_if.o
 *fill*         0x000000000800dbbe        0x2 
 .text.USBD_CDC_DeviceDescriptor
                0x000000000800dbc0       0x24 ./USB_Device/App/usbd_desc.o
                0x000000000800dbc0                USBD_CDC_DeviceDescriptor
 .text.USBD_CDC_LangIDStrDescriptor
                0x000000000800dbe4       0x24 ./USB_Device/App/usbd_desc.o
                0x000000000800dbe4                USBD_CDC_LangIDStrDescriptor
 .text.USBD_CDC_ProductStrDescriptor
                0x000000000800dc08       0x3c ./USB_Device/App/usbd_desc.o
                0x000000000800dc08                USBD_CDC_ProductStrDescriptor
 .text.USBD_CDC_ManufacturerStrDescriptor
                0x000000000800dc44       0x28 ./USB_Device/App/usbd_desc.o
                0x000000000800dc44                USBD_CDC_ManufacturerStrDescriptor
 .text.USBD_CDC_SerialStrDescriptor
                0x000000000800dc6c       0x24 ./USB_Device/App/usbd_desc.o
                0x000000000800dc6c                USBD_CDC_SerialStrDescriptor
 .text.USBD_CDC_ConfigStrDescriptor
                0x000000000800dc90       0x3c ./USB_Device/App/usbd_desc.o
                0x000000000800dc90                USBD_CDC_ConfigStrDescriptor
 .text.USBD_CDC_InterfaceStrDescriptor
                0x000000000800dccc       0x3c ./USB_Device/App/usbd_desc.o
                0x000000000800dccc                USBD_CDC_InterfaceStrDescriptor
 .text.Get_SerialNum
                0x000000000800dd08       0x58 ./USB_Device/App/usbd_desc.o
 .text.IntToUnicode
                0x000000000800dd60       0x7e ./USB_Device/App/usbd_desc.o
 *fill*         0x000000000800ddde        0x2 
 .text.HAL_PCD_MspInit
                0x000000000800dde0       0x78 ./USB_Device/Target/usbd_conf.o
                0x000000000800dde0                HAL_PCD_MspInit
 .text.HAL_PCD_SetupStageCallback
                0x000000000800de58       0x24 ./USB_Device/Target/usbd_conf.o
                0x000000000800de58                HAL_PCD_SetupStageCallback
 .text.HAL_PCD_DataOutStageCallback
                0x000000000800de7c       0x36 ./USB_Device/Target/usbd_conf.o
                0x000000000800de7c                HAL_PCD_DataOutStageCallback
 .text.HAL_PCD_DataInStageCallback
                0x000000000800deb2       0x34 ./USB_Device/Target/usbd_conf.o
                0x000000000800deb2                HAL_PCD_DataInStageCallback
 .text.HAL_PCD_SOFCallback
                0x000000000800dee6       0x1c ./USB_Device/Target/usbd_conf.o
                0x000000000800dee6                HAL_PCD_SOFCallback
 .text.HAL_PCD_ResetCallback
                0x000000000800df02       0x3c ./USB_Device/Target/usbd_conf.o
                0x000000000800df02                HAL_PCD_ResetCallback
 *fill*         0x000000000800df3e        0x2 
 .text.HAL_PCD_SuspendCallback
                0x000000000800df40       0x34 ./USB_Device/Target/usbd_conf.o
                0x000000000800df40                HAL_PCD_SuspendCallback
 .text.HAL_PCD_ResumeCallback
                0x000000000800df74       0x38 ./USB_Device/Target/usbd_conf.o
                0x000000000800df74                HAL_PCD_ResumeCallback
 .text.USBD_LL_Init
                0x000000000800dfac       0xc0 ./USB_Device/Target/usbd_conf.o
                0x000000000800dfac                USBD_LL_Init
 .text.USBD_LL_Start
                0x000000000800e06c       0x36 ./USB_Device/Target/usbd_conf.o
                0x000000000800e06c                USBD_LL_Start
 .text.USBD_LL_OpenEP
                0x000000000800e0a2       0x4c ./USB_Device/Target/usbd_conf.o
                0x000000000800e0a2                USBD_LL_OpenEP
 .text.USBD_LL_CloseEP
                0x000000000800e0ee       0x3e ./USB_Device/Target/usbd_conf.o
                0x000000000800e0ee                USBD_LL_CloseEP
 .text.USBD_LL_StallEP
                0x000000000800e12c       0x3e ./USB_Device/Target/usbd_conf.o
                0x000000000800e12c                USBD_LL_StallEP
 .text.USBD_LL_ClearStallEP
                0x000000000800e16a       0x3e ./USB_Device/Target/usbd_conf.o
                0x000000000800e16a                USBD_LL_ClearStallEP
 .text.USBD_LL_IsStallEP
                0x000000000800e1a8       0x58 ./USB_Device/Target/usbd_conf.o
                0x000000000800e1a8                USBD_LL_IsStallEP
 .text.USBD_LL_SetUSBAddress
                0x000000000800e200       0x3e ./USB_Device/Target/usbd_conf.o
                0x000000000800e200                USBD_LL_SetUSBAddress
 .text.USBD_LL_Transmit
                0x000000000800e23e       0x42 ./USB_Device/Target/usbd_conf.o
                0x000000000800e23e                USBD_LL_Transmit
 .text.USBD_LL_PrepareReceive
                0x000000000800e280       0x42 ./USB_Device/Target/usbd_conf.o
                0x000000000800e280                USBD_LL_PrepareReceive
 .text.USBD_LL_GetRxDataSize
                0x000000000800e2c2       0x26 ./USB_Device/Target/usbd_conf.o
                0x000000000800e2c2                USBD_LL_GetRxDataSize
 .text.HAL_PCDEx_LPM_Callback
                0x000000000800e2e8       0x6c ./USB_Device/Target/usbd_conf.o
                0x000000000800e2e8                HAL_PCDEx_LPM_Callback
 .text.USBD_static_malloc
                0x000000000800e354       0x1c ./USB_Device/Target/usbd_conf.o
                0x000000000800e354                USBD_static_malloc
 .text.USBD_static_free
                0x000000000800e370       0x14 ./USB_Device/Target/usbd_conf.o
                0x000000000800e370                USBD_static_free
 .text.SystemClockConfig_Resume
                0x000000000800e384        0xc ./USB_Device/Target/usbd_conf.o
 .text.USBD_Get_USB_Status
                0x000000000800e390       0x58 ./USB_Device/Target/usbd_conf.o
 .text.__errno  0x000000000800e3e8        0xc c:/st/stm32cubeide_1.9.0/stm32cubeide/plugins/com.st.stm32cube.ide.mcu.externaltools.gnu-tools-for-stm32.10.3-2021.10.win32_1.0.0.202111181127/tools/bin/../lib/gcc/arm-none-eabi/10.3.1/../../../../arm-none-eabi/lib/thumb/v7e-m+fp/hard\libc_nano.a(lib_a-errno.o)
                0x000000000800e3e8                __errno
 .text.__libc_init_array
                0x000000000800e3f4       0x48 c:/st/stm32cubeide_1.9.0/stm32cubeide/plugins/com.st.stm32cube.ide.mcu.externaltools.gnu-tools-for-stm32.10.3-2021.10.win32_1.0.0.202111181127/tools/bin/../lib/gcc/arm-none-eabi/10.3.1/../../../../arm-none-eabi/lib/thumb/v7e-m+fp/hard\libc_nano.a(lib_a-init.o)
                0x000000000800e3f4                __libc_init_array
 .text.memcpy   0x000000000800e43c       0x1c c:/st/stm32cubeide_1.9.0/stm32cubeide/plugins/com.st.stm32cube.ide.mcu.externaltools.gnu-tools-for-stm32.10.3-2021.10.win32_1.0.0.202111181127/tools/bin/../lib/gcc/arm-none-eabi/10.3.1/../../../../arm-none-eabi/lib/thumb/v7e-m+fp/hard\libc_nano.a(lib_a-memcpy-stub.o)
                0x000000000800e43c                memcpy
 .text.memset   0x000000000800e458       0x10 c:/st/stm32cubeide_1.9.0/stm32cubeide/plugins/com.st.stm32cube.ide.mcu.externaltools.gnu-tools-for-stm32.10.3-2021.10.win32_1.0.0.202111181127/tools/bin/../lib/gcc/arm-none-eabi/10.3.1/../../../../arm-none-eabi/lib/thumb/v7e-m+fp/hard\libc_nano.a(lib_a-memset.o)
                0x000000000800e458                memset
 .text.snprintf
                0x000000000800e468       0x68 c:/st/stm32cubeide_1.9.0/stm32cubeide/plugins/com.st.stm32cube.ide.mcu.externaltools.gnu-tools-for-stm32.10.3-2021.10.win32_1.0.0.202111181127/tools/bin/../lib/gcc/arm-none-eabi/10.3.1/../../../../arm-none-eabi/lib/thumb/v7e-m+fp/hard\libc_nano.a(lib_a-snprintf.o)
                0x000000000800e468                sniprintf
                0x000000000800e468                snprintf
 .text.__ssputs_r
                0x000000000800e4d0       0xb6 c:/st/stm32cubeide_1.9.0/stm32cubeide/plugins/com.st.stm32cube.ide.mcu.externaltools.gnu-tools-for-stm32.10.3-2021.10.win32_1.0.0.202111181127/tools/bin/../lib/gcc/arm-none-eabi/10.3.1/../../../../arm-none-eabi/lib/thumb/v7e-m+fp/hard\libc_nano.a(lib_a-nano-svfprintf.o)
                0x000000000800e4d0                __ssputs_r
 *fill*         0x000000000800e586        0x2 
 .text._svfprintf_r
                0x000000000800e588      0x200 c:/st/stm32cubeide_1.9.0/stm32cubeide/plugins/com.st.stm32cube.ide.mcu.externaltools.gnu-tools-for-stm32.10.3-2021.10.win32_1.0.0.202111181127/tools/bin/../lib/gcc/arm-none-eabi/10.3.1/../../../../arm-none-eabi/lib/thumb/v7e-m+fp/hard\libc_nano.a(lib_a-nano-svfprintf.o)
                0x000000000800e588                _svfiprintf_r
                0x000000000800e588                _svfprintf_r
 .text._printf_common
                0x000000000800e788       0xda c:/st/stm32cubeide_1.9.0/stm32cubeide/plugins/com.st.stm32cube.ide.mcu.externaltools.gnu-tools-for-stm32.10.3-2021.10.win32_1.0.0.202111181127/tools/bin/../lib/gcc/arm-none-eabi/10.3.1/../../../../arm-none-eabi/lib/thumb/v7e-m+fp/hard\libc_nano.a(lib_a-nano-vfprintf_i.o)
                0x000000000800e788                _printf_common
 *fill*         0x000000000800e862        0x2 
 .text._printf_i
                0x000000000800e864      0x24c c:/st/stm32cubeide_1.9.0/stm32cubeide/plugins/com.st.stm32cube.ide.mcu.externaltools.gnu-tools-for-stm32.10.3-2021.10.win32_1.0.0.202111181127/tools/bin/../lib/gcc/arm-none-eabi/10.3.1/../../../../arm-none-eabi/lib/thumb/v7e-m+fp/hard\libc_nano.a(lib_a-nano-vfprintf_i.o)
                0x000000000800e864                _printf_i
 .text.memmove  0x000000000800eab0       0x34 c:/st/stm32cubeide_1.9.0/stm32cubeide/plugins/com.st.stm32cube.ide.mcu.externaltools.gnu-tools-for-stm32.10.3-2021.10.win32_1.0.0.202111181127/tools/bin/../lib/gcc/arm-none-eabi/10.3.1/../../../../arm-none-eabi/lib/thumb/v7e-m+fp/hard\libc_nano.a(lib_a-memmove.o)
                0x000000000800eab0                memmove
 .text._free_r  0x000000000800eae4       0x98 c:/st/stm32cubeide_1.9.0/stm32cubeide/plugins/com.st.stm32cube.ide.mcu.externaltools.gnu-tools-for-stm32.10.3-2021.10.win32_1.0.0.202111181127/tools/bin/../lib/gcc/arm-none-eabi/10.3.1/../../../../arm-none-eabi/lib/thumb/v7e-m+fp/hard\libc_nano.a(lib_a-nano-freer.o)
                0x000000000800eae4                _free_r
 .text.sbrk_aligned
                0x000000000800eb7c       0x40 c:/st/stm32cubeide_1.9.0/stm32cubeide/plugins/com.st.stm32cube.ide.mcu.externaltools.gnu-tools-for-stm32.10.3-2021.10.win32_1.0.0.202111181127/tools/bin/../lib/gcc/arm-none-eabi/10.3.1/../../../../arm-none-eabi/lib/thumb/v7e-m+fp/hard\libc_nano.a(lib_a-nano-mallocr.o)
 .text._malloc_r
                0x000000000800ebbc       0xe8 c:/st/stm32cubeide_1.9.0/stm32cubeide/plugins/com.st.stm32cube.ide.mcu.externaltools.gnu-tools-for-stm32.10.3-2021.10.win32_1.0.0.202111181127/tools/bin/../lib/gcc/arm-none-eabi/10.3.1/../../../../arm-none-eabi/lib/thumb/v7e-m+fp/hard\libc_nano.a(lib_a-nano-mallocr.o)
                0x000000000800ebbc                _malloc_r
 .text._realloc_r
                0x000000000800eca4       0x5e c:/st/stm32cubeide_1.9.0/stm32cubeide/plugins/com.st.stm32cube.ide.mcu.externaltools.gnu-tools-for-stm32.10.3-2021.10.win32_1.0.0.202111181127/tools/bin/../lib/gcc/arm-none-eabi/10.3.1/../../../../arm-none-eabi/lib/thumb/v7e-m+fp/hard\libc_nano.a(lib_a-nano-reallocr.o)
                0x000000000800eca4                _realloc_r
 *fill*         0x000000000800ed02        0x2 
 .text._sbrk_r  0x000000000800ed04       0x20 c:/st/stm32cubeide_1.9.0/stm32cubeide/plugins/com.st.stm32cube.ide.mcu.externaltools.gnu-tools-for-stm32.10.3-2021.10.win32_1.0.0.202111181127/tools/bin/../lib/gcc/arm-none-eabi/10.3.1/../../../../arm-none-eabi/lib/thumb/v7e-m+fp/hard\libc_nano.a(lib_a-sbrkr.o)
                0x000000000800ed04                _sbrk_r
 .text.__malloc_lock
                0x000000000800ed24        0xc c:/st/stm32cubeide_1.9.0/stm32cubeide/plugins/com.st.stm32cube.ide.mcu.externaltools.gnu-tools-for-stm32.10.3-2021.10.win32_1.0.0.202111181127/tools/bin/../lib/gcc/arm-none-eabi/10.3.1/../../../../arm-none-eabi/lib/thumb/v7e-m+fp/hard\libc_nano.a(lib_a-mlock.o)
                0x000000000800ed24                __malloc_lock
 .text.__malloc_unlock
                0x000000000800ed30        0xc c:/st/stm32cubeide_1.9.0/stm32cubeide/plugins/com.st.stm32cube.ide.mcu.externaltools.gnu-tools-for-stm32.10.3-2021.10.win32_1.0.0.202111181127/tools/bin/../lib/gcc/arm-none-eabi/10.3.1/../../../../arm-none-eabi/lib/thumb/v7e-m+fp/hard\libc_nano.a(lib_a-mlock.o)
                0x000000000800ed30                __malloc_unlock
 .text._malloc_usable_size_r
                0x000000000800ed3c       0x10 c:/st/stm32cubeide_1.9.0/stm32cubeide/plugins/com.st.stm32cube.ide.mcu.externaltools.gnu-tools-for-stm32.10.3-2021.10.win32_1.0.0.202111181127/tools/bin/../lib/gcc/arm-none-eabi/10.3.1/../../../../arm-none-eabi/lib/thumb/v7e-m+fp/hard\libc_nano.a(lib_a-nano-msizer.o)
                0x000000000800ed3c                _malloc_usable_size_r
 .text.__retarget_lock_acquire_recursive
                0x000000000800ed4c        0x2 c:/st/stm32cubeide_1.9.0/stm32cubeide/plugins/com.st.stm32cube.ide.mcu.externaltools.gnu-tools-for-stm32.10.3-2021.10.win32_1.0.0.202111181127/tools/bin/../lib/gcc/arm-none-eabi/10.3.1/../../../../arm-none-eabi/lib/thumb/v7e-m+fp/hard\libc_nano.a(lib_a-lock.o)
                0x000000000800ed4c                __retarget_lock_acquire_recursive
 .text.__retarget_lock_release_recursive
                0x000000000800ed4e        0x2 c:/st/stm32cubeide_1.9.0/stm32cubeide/plugins/com.st.stm32cube.ide.mcu.externaltools.gnu-tools-for-stm32.10.3-2021.10.win32_1.0.0.202111181127/tools/bin/../lib/gcc/arm-none-eabi/10.3.1/../../../../arm-none-eabi/lib/thumb/v7e-m+fp/hard\libc_nano.a(lib_a-lock.o)
                0x000000000800ed4e                __retarget_lock_release_recursive
 .text.sqrt     0x000000000800ed50       0x58 c:/st/stm32cubeide_1.9.0/stm32cubeide/plugins/com.st.stm32cube.ide.mcu.externaltools.gnu-tools-for-stm32.10.3-2021.10.win32_1.0.0.202111181127/tools/bin/../lib/gcc/arm-none-eabi/10.3.1/../../../../arm-none-eabi/lib/thumb/v7e-m+fp/hard\libm.a(lib_a-w_sqrt.o)
                0x000000000800ed50                sqrt
 .text.asinf    0x000000000800eda8       0x58 c:/st/stm32cubeide_1.9.0/stm32cubeide/plugins/com.st.stm32cube.ide.mcu.externaltools.gnu-tools-for-stm32.10.3-2021.10.win32_1.0.0.202111181127/tools/bin/../lib/gcc/arm-none-eabi/10.3.1/../../../../arm-none-eabi/lib/thumb/v7e-m+fp/hard\libm.a(lib_a-wf_asin.o)
                0x000000000800eda8                asinf
 .text.atan2f   0x000000000800ee00        0x4 c:/st/stm32cubeide_1.9.0/stm32cubeide/plugins/com.st.stm32cube.ide.mcu.externaltools.gnu-tools-for-stm32.10.3-2021.10.win32_1.0.0.202111181127/tools/bin/../lib/gcc/arm-none-eabi/10.3.1/../../../../arm-none-eabi/lib/thumb/v7e-m+fp/hard\libm.a(lib_a-wf_atan2.o)
                0x000000000800ee00                atan2f
 .text.__ieee754_sqrt
                0x000000000800ee04      0x164 c:/st/stm32cubeide_1.9.0/stm32cubeide/plugins/com.st.stm32cube.ide.mcu.externaltools.gnu-tools-for-stm32.10.3-2021.10.win32_1.0.0.202111181127/tools/bin/../lib/gcc/arm-none-eabi/10.3.1/../../../../arm-none-eabi/lib/thumb/v7e-m+fp/hard\libm.a(lib_a-e_sqrt.o)
                0x000000000800ee04                __ieee754_sqrt
 .text.__ieee754_asinf
                0x000000000800ef68      0x1cc c:/st/stm32cubeide_1.9.0/stm32cubeide/plugins/com.st.stm32cube.ide.mcu.externaltools.gnu-tools-for-stm32.10.3-2021.10.win32_1.0.0.202111181127/tools/bin/../lib/gcc/arm-none-eabi/10.3.1/../../../../arm-none-eabi/lib/thumb/v7e-m+fp/hard\libm.a(lib_a-ef_asin.o)
                0x000000000800ef68                __ieee754_asinf
 .text.__ieee754_atan2f
                0x000000000800f134      0x140 c:/st/stm32cubeide_1.9.0/stm32cubeide/plugins/com.st.stm32cube.ide.mcu.externaltools.gnu-tools-for-stm32.10.3-2021.10.win32_1.0.0.202111181127/tools/bin/../lib/gcc/arm-none-eabi/10.3.1/../../../../arm-none-eabi/lib/thumb/v7e-m+fp/hard\libm.a(lib_a-ef_atan2.o)
                0x000000000800f134                __ieee754_atan2f
 .text.__ieee754_sqrtf
                0x000000000800f274        0x6 c:/st/stm32cubeide_1.9.0/stm32cubeide/plugins/com.st.stm32cube.ide.mcu.externaltools.gnu-tools-for-stm32.10.3-2021.10.win32_1.0.0.202111181127/tools/bin/../lib/gcc/arm-none-eabi/10.3.1/../../../../arm-none-eabi/lib/thumb/v7e-m+fp/hard\libm.a(lib_a-ef_sqrt.o)
                0x000000000800f274                __ieee754_sqrtf
 *fill*         0x000000000800f27a        0x2 
 .text.atanf    0x000000000800f27c      0x1a8 c:/st/stm32cubeide_1.9.0/stm32cubeide/plugins/com.st.stm32cube.ide.mcu.externaltools.gnu-tools-for-stm32.10.3-2021.10.win32_1.0.0.202111181127/tools/bin/../lib/gcc/arm-none-eabi/10.3.1/../../../../arm-none-eabi/lib/thumb/v7e-m+fp/hard\libm.a(lib_a-sf_atan.o)
                0x000000000800f27c                atanf
 .text.fabsf    0x000000000800f424        0xe c:/st/stm32cubeide_1.9.0/stm32cubeide/plugins/com.st.stm32cube.ide.mcu.externaltools.gnu-tools-for-stm32.10.3-2021.10.win32_1.0.0.202111181127/tools/bin/../lib/gcc/arm-none-eabi/10.3.1/../../../../arm-none-eabi/lib/thumb/v7e-m+fp/hard\libm.a(lib_a-sf_fabs.o)
                0x000000000800f424                fabsf
 *fill*         0x000000000800f432        0x2 
 .text.nanf     0x000000000800f434        0xc c:/st/stm32cubeide_1.9.0/stm32cubeide/plugins/com.st.stm32cube.ide.mcu.externaltools.gnu-tools-for-stm32.10.3-2021.10.win32_1.0.0.202111181127/tools/bin/../lib/gcc/arm-none-eabi/10.3.1/../../../../arm-none-eabi/lib/thumb/v7e-m+fp/hard\libm.a(lib_a-sf_nan.o)
                0x000000000800f434                nanf
 *(.glue_7)
 .glue_7        0x000000000800f440        0x0 linker stubs
 *(.glue_7t)
 .glue_7t       0x000000000800f440        0x0 linker stubs
 *(.eh_frame)
 .eh_frame      0x000000000800f440        0x0 c:/st/stm32cubeide_1.9.0/stm32cubeide/plugins/com.st.stm32cube.ide.mcu.externaltools.gnu-tools-for-stm32.10.3-2021.10.win32_1.0.0.202111181127/tools/bin/../lib/gcc/arm-none-eabi/10.3.1/thumb/v7e-m+fp/hard/crtbegin.o
 *(.init)
 .init          0x000000000800f440        0x4 c:/st/stm32cubeide_1.9.0/stm32cubeide/plugins/com.st.stm32cube.ide.mcu.externaltools.gnu-tools-for-stm32.10.3-2021.10.win32_1.0.0.202111181127/tools/bin/../lib/gcc/arm-none-eabi/10.3.1/thumb/v7e-m+fp/hard/crti.o
                0x000000000800f440                _init
 .init          0x000000000800f444        0x8 c:/st/stm32cubeide_1.9.0/stm32cubeide/plugins/com.st.stm32cube.ide.mcu.externaltools.gnu-tools-for-stm32.10.3-2021.10.win32_1.0.0.202111181127/tools/bin/../lib/gcc/arm-none-eabi/10.3.1/thumb/v7e-m+fp/hard/crtn.o
 *(.fini)
 .fini          0x000000000800f44c        0x4 c:/st/stm32cubeide_1.9.0/stm32cubeide/plugins/com.st.stm32cube.ide.mcu.externaltools.gnu-tools-for-stm32.10.3-2021.10.win32_1.0.0.202111181127/tools/bin/../lib/gcc/arm-none-eabi/10.3.1/thumb/v7e-m+fp/hard/crti.o
                0x000000000800f44c                _fini
 .fini          0x000000000800f450        0x8 c:/st/stm32cubeide_1.9.0/stm32cubeide/plugins/com.st.stm32cube.ide.mcu.externaltools.gnu-tools-for-stm32.10.3-2021.10.win32_1.0.0.202111181127/tools/bin/../lib/gcc/arm-none-eabi/10.3.1/thumb/v7e-m+fp/hard/crtn.o
                0x000000000800f458                . = ALIGN (0x4)
                0x000000000800f458                _etext = .

.vfp11_veneer   0x000000000800f458        0x0
 .vfp11_veneer  0x000000000800f458        0x0 linker stubs

.v4_bx          0x000000000800f458        0x0
 .v4_bx         0x000000000800f458        0x0 linker stubs

.iplt           0x000000000800f458        0x0
 .iplt          0x000000000800f458        0x0 c:/st/stm32cubeide_1.9.0/stm32cubeide/plugins/com.st.stm32cube.ide.mcu.externaltools.gnu-tools-for-stm32.10.3-2021.10.win32_1.0.0.202111181127/tools/bin/../lib/gcc/arm-none-eabi/10.3.1/thumb/v7e-m+fp/hard/crtbegin.o

.rodata         0x000000000800f458      0x188
                0x000000000800f458                . = ALIGN (0x4)
 *(.rodata)
 .rodata        0x000000000800f458       0x91 ./Core/Src/main.o
 *fill*         0x000000000800f4e9        0x3 
 .rodata        0x000000000800f4ec       0x46 ./USB_Device/App/usbd_desc.o
 *(.rodata*)
 *fill*         0x000000000800f532        0x2 
 .rodata.AHBPrescTable
                0x000000000800f534       0x10 ./Core/Src/system_stm32g4xx.o
                0x000000000800f534                AHBPrescTable
 .rodata.APBPrescTable
                0x000000000800f544        0x8 ./Core/Src/system_stm32g4xx.o
                0x000000000800f544                APBPrescTable
 .rodata.UARTPrescTable
                0x000000000800f54c       0x18 ./Drivers/STM32G4xx_HAL_Driver/Src/stm32g4xx_hal_uart.o
                0x000000000800f54c                UARTPrescTable
 .rodata.numerator.1
                0x000000000800f564        0x8 ./Drivers/STM32G4xx_HAL_Driver/Src/stm32g4xx_hal_uart_ex.o
 .rodata.denominator.0
                0x000000000800f56c        0x8 ./Drivers/STM32G4xx_HAL_Driver/Src/stm32g4xx_hal_uart_ex.o
 .rodata._svfprintf_r.str1.1
                0x000000000800f574       0x11 c:/st/stm32cubeide_1.9.0/stm32cubeide/plugins/com.st.stm32cube.ide.mcu.externaltools.gnu-tools-for-stm32.10.3-2021.10.win32_1.0.0.202111181127/tools/bin/../lib/gcc/arm-none-eabi/10.3.1/../../../../arm-none-eabi/lib/thumb/v7e-m+fp/hard\libc_nano.a(lib_a-nano-svfprintf.o)
 .rodata._printf_i.str1.1
                0x000000000800f585       0x22 c:/st/stm32cubeide_1.9.0/stm32cubeide/plugins/com.st.stm32cube.ide.mcu.externaltools.gnu-tools-for-stm32.10.3-2021.10.win32_1.0.0.202111181127/tools/bin/../lib/gcc/arm-none-eabi/10.3.1/../../../../arm-none-eabi/lib/thumb/v7e-m+fp/hard\libc_nano.a(lib_a-nano-vfprintf_i.o)
 .rodata.asinf.str1.1
                0x000000000800f5a7       0x22 c:/st/stm32cubeide_1.9.0/stm32cubeide/plugins/com.st.stm32cube.ide.mcu.externaltools.gnu-tools-for-stm32.10.3-2021.10.win32_1.0.0.202111181127/tools/bin/../lib/gcc/arm-none-eabi/10.3.1/../../../../arm-none-eabi/lib/thumb/v7e-m+fp/hard\libm.a(lib_a-wf_asin.o)
                                          0x1 (size before relaxing)
 *fill*         0x000000000800f5a7        0x1 
 .rodata.CSWTCH.8
                0x000000000800f5a8        0xc c:/st/stm32cubeide_1.9.0/stm32cubeide/plugins/com.st.stm32cube.ide.mcu.externaltools.gnu-tools-for-stm32.10.3-2021.10.win32_1.0.0.202111181127/tools/bin/../lib/gcc/arm-none-eabi/10.3.1/../../../../arm-none-eabi/lib/thumb/v7e-m+fp/hard\libm.a(lib_a-ef_atan2.o)
 .rodata.CSWTCH.9
                0x000000000800f5b4        0xc c:/st/stm32cubeide_1.9.0/stm32cubeide/plugins/com.st.stm32cube.ide.mcu.externaltools.gnu-tools-for-stm32.10.3-2021.10.win32_1.0.0.202111181127/tools/bin/../lib/gcc/arm-none-eabi/10.3.1/../../../../arm-none-eabi/lib/thumb/v7e-m+fp/hard\libm.a(lib_a-ef_atan2.o)
 .rodata.atanhi
                0x000000000800f5c0       0x10 c:/st/stm32cubeide_1.9.0/stm32cubeide/plugins/com.st.stm32cube.ide.mcu.externaltools.gnu-tools-for-stm32.10.3-2021.10.win32_1.0.0.202111181127/tools/bin/../lib/gcc/arm-none-eabi/10.3.1/../../../../arm-none-eabi/lib/thumb/v7e-m+fp/hard\libm.a(lib_a-sf_atan.o)
 .rodata.atanlo
                0x000000000800f5d0       0x10 c:/st/stm32cubeide_1.9.0/stm32cubeide/plugins/com.st.stm32cube.ide.mcu.externaltools.gnu-tools-for-stm32.10.3-2021.10.win32_1.0.0.202111181127/tools/bin/../lib/gcc/arm-none-eabi/10.3.1/../../../../arm-none-eabi/lib/thumb/v7e-m+fp/hard\libm.a(lib_a-sf_atan.o)
                0x000000000800f5e0                . = ALIGN (0x4)

.ARM.extab      0x000000000800f5e0        0x0
                0x000000000800f5e0                . = ALIGN (0x4)
 *(.ARM.extab* .gnu.linkonce.armextab.*)
                0x000000000800f5e0                . = ALIGN (0x4)

.ARM            0x000000000800f5e0        0x8
                0x000000000800f5e0                . = ALIGN (0x4)
                0x000000000800f5e0                __exidx_start = .
 *(.ARM.exidx*)
 .ARM.exidx     0x000000000800f5e0        0x8 c:/st/stm32cubeide_1.9.0/stm32cubeide/plugins/com.st.stm32cube.ide.mcu.externaltools.gnu-tools-for-stm32.10.3-2021.10.win32_1.0.0.202111181127/tools/bin/../lib/gcc/arm-none-eabi/10.3.1/thumb/v7e-m+fp/hard\libgcc.a(_udivmoddi4.o)
                0x000000000800f5e8                __exidx_end = .
                0x000000000800f5e8                . = ALIGN (0x4)

.rel.dyn        0x000000000800f5e8        0x0
 .rel.iplt      0x000000000800f5e8        0x0 c:/st/stm32cubeide_1.9.0/stm32cubeide/plugins/com.st.stm32cube.ide.mcu.externaltools.gnu-tools-for-stm32.10.3-2021.10.win32_1.0.0.202111181127/tools/bin/../lib/gcc/arm-none-eabi/10.3.1/thumb/v7e-m+fp/hard/crtbegin.o

.preinit_array  0x000000000800f5e8        0x0
                0x000000000800f5e8                . = ALIGN (0x4)
                0x000000000800f5e8                PROVIDE (__preinit_array_start = .)
 *(.preinit_array*)
                0x000000000800f5e8                PROVIDE (__preinit_array_end = .)
                0x000000000800f5e8                . = ALIGN (0x4)

.init_array     0x000000000800f5e8        0x4
                0x000000000800f5e8                . = ALIGN (0x4)
                0x000000000800f5e8                PROVIDE (__init_array_start = .)
 *(SORT_BY_NAME(.init_array.*))
 *(.init_array*)
 .init_array    0x000000000800f5e8        0x4 c:/st/stm32cubeide_1.9.0/stm32cubeide/plugins/com.st.stm32cube.ide.mcu.externaltools.gnu-tools-for-stm32.10.3-2021.10.win32_1.0.0.202111181127/tools/bin/../lib/gcc/arm-none-eabi/10.3.1/thumb/v7e-m+fp/hard/crtbegin.o
                0x000000000800f5ec                PROVIDE (__init_array_end = .)
                0x000000000800f5ec                . = ALIGN (0x4)

.fini_array     0x000000000800f5ec        0x4
                0x000000000800f5ec                . = ALIGN (0x4)
                [!provide]                        PROVIDE (__fini_array_start = .)
 *(SORT_BY_NAME(.fini_array.*))
 *(.fini_array*)
 .fini_array    0x000000000800f5ec        0x4 c:/st/stm32cubeide_1.9.0/stm32cubeide/plugins/com.st.stm32cube.ide.mcu.externaltools.gnu-tools-for-stm32.10.3-2021.10.win32_1.0.0.202111181127/tools/bin/../lib/gcc/arm-none-eabi/10.3.1/thumb/v7e-m+fp/hard/crtbegin.o
                [!provide]                        PROVIDE (__fini_array_end = .)
                0x000000000800f5f0                . = ALIGN (0x4)
                0x000000000800f5f0                _sidata = LOADADDR (.data)

.data           0x0000000020000000      0x224 load address 0x000000000800f5f0
                0x0000000020000000                . = ALIGN (0x4)
                0x0000000020000000                _sdata = .
 *(.data)
 *(.data*)
 .data.q_est    0x0000000020000000       0x10 ./Core/Src/madgwickFilter.o
                0x0000000020000000                q_est
 .data.imu_config
                0x0000000020000010        0x4 ./Core/Src/main.o
 .data.imu_status
                0x0000000020000014        0x1 ./Core/Src/main.o
                0x0000000020000014                imu_status
 .data.mag_status
                0x0000000020000015        0x1 ./Core/Src/main.o
                0x0000000020000015                mag_status
 .data.prs_status
                0x0000000020000016        0x1 ./Core/Src/main.o
                0x0000000020000016                prs_status
 .data.imu_read_status
                0x0000000020000017        0x1 ./Core/Src/main.o
                0x0000000020000017                imu_read_status
 .data.mag_read_status
                0x0000000020000018        0x1 ./Core/Src/main.o
                0x0000000020000018                mag_read_status
 .data.prs_read_status
                0x0000000020000019        0x1 ./Core/Src/main.o
                0x0000000020000019                prs_read_status
 *fill*         0x000000002000001a        0x2 
 .data.SystemCoreClock
                0x000000002000001c        0x4 ./Core/Src/system_stm32g4xx.o
                0x000000002000001c                SystemCoreClock
 .data.uwTickPrio
                0x0000000020000020        0x4 ./Drivers/STM32G4xx_HAL_Driver/Src/stm32g4xx_hal.o
                0x0000000020000020                uwTickPrio
 .data.uwTickFreq
                0x0000000020000024        0x4 ./Drivers/STM32G4xx_HAL_Driver/Src/stm32g4xx_hal.o
                0x0000000020000024                uwTickFreq
 .data.pFlash   0x0000000020000028       0x20 ./Drivers/STM32G4xx_HAL_Driver/Src/stm32g4xx_hal_flash.o
                0x0000000020000028                pFlash
 .data.USBD_CDC_DeviceQualifierDesc
                0x0000000020000048        0xa ./Middlewares/ST/STM32_USB_Device_Library/Class/CDC/Src/usbd_cdc.o
 *fill*         0x0000000020000052        0x2 
 .data.USBD_CDC
                0x0000000020000054       0x38 ./Middlewares/ST/STM32_USB_Device_Library/Class/CDC/Src/usbd_cdc.o
                0x0000000020000054                USBD_CDC
 .data.USBD_CDC_CfgHSDesc
                0x000000002000008c       0x43 ./Middlewares/ST/STM32_USB_Device_Library/Class/CDC/Src/usbd_cdc.o
 *fill*         0x00000000200000cf        0x1 
 .data.USBD_CDC_CfgFSDesc
                0x00000000200000d0       0x43 ./Middlewares/ST/STM32_USB_Device_Library/Class/CDC/Src/usbd_cdc.o
 *fill*         0x0000000020000113        0x1 
 .data.USBD_CDC_OtherSpeedCfgDesc
                0x0000000020000114       0x43 ./Middlewares/ST/STM32_USB_Device_Library/Class/CDC/Src/usbd_cdc.o
 *fill*         0x0000000020000157        0x1 
 .data.USBD_Interface_fops_FS
                0x0000000020000158       0x14 ./USB_Device/App/usbd_cdc_if.o
                0x0000000020000158                USBD_Interface_fops_FS
 .data.CDC_Desc
                0x000000002000016c       0x20 ./USB_Device/App/usbd_desc.o
                0x000000002000016c                CDC_Desc
 .data.USBD_CDC_DeviceDesc
                0x000000002000018c       0x12 ./USB_Device/App/usbd_desc.o
                0x000000002000018c                USBD_CDC_DeviceDesc
 *fill*         0x000000002000019e        0x2 
 .data.USBD_LangIDDesc
                0x00000000200001a0        0x4 ./USB_Device/App/usbd_desc.o
                0x00000000200001a0                USBD_LangIDDesc
 .data.USBD_StringSerial
                0x00000000200001a4       0x1a ./USB_Device/App/usbd_desc.o
                0x00000000200001a4                USBD_StringSerial
 *fill*         0x00000000200001be        0x2 
 .data._impure_ptr
                0x00000000200001c0        0x4 c:/st/stm32cubeide_1.9.0/stm32cubeide/plugins/com.st.stm32cube.ide.mcu.externaltools.gnu-tools-for-stm32.10.3-2021.10.win32_1.0.0.202111181127/tools/bin/../lib/gcc/arm-none-eabi/10.3.1/../../../../arm-none-eabi/lib/thumb/v7e-m+fp/hard\libc_nano.a(lib_a-impure.o)
                0x00000000200001c0                _impure_ptr
 .data.impure_data
                0x00000000200001c4       0x60 c:/st/stm32cubeide_1.9.0/stm32cubeide/plugins/com.st.stm32cube.ide.mcu.externaltools.gnu-tools-for-stm32.10.3-2021.10.win32_1.0.0.202111181127/tools/bin/../lib/gcc/arm-none-eabi/10.3.1/../../../../arm-none-eabi/lib/thumb/v7e-m+fp/hard\libc_nano.a(lib_a-impure.o)
 *(.RamFunc)
 *(.RamFunc*)
                0x0000000020000224                . = ALIGN (0x4)
                0x0000000020000224                _edata = .

.igot.plt       0x0000000020000224        0x0 load address 0x000000000800f814
 .igot.plt      0x0000000020000224        0x0 c:/st/stm32cubeide_1.9.0/stm32cubeide/plugins/com.st.stm32cube.ide.mcu.externaltools.gnu-tools-for-stm32.10.3-2021.10.win32_1.0.0.202111181127/tools/bin/../lib/gcc/arm-none-eabi/10.3.1/thumb/v7e-m+fp/hard/crtbegin.o
                0x0000000020000224                . = ALIGN (0x4)

.bss            0x0000000020000228     0x1744 load address 0x000000000800f814
                0x0000000020000228                _sbss = .
                0x0000000020000228                __bss_start__ = _sbss
 *(.bss)
 .bss           0x0000000020000228       0x1c c:/st/stm32cubeide_1.9.0/stm32cubeide/plugins/com.st.stm32cube.ide.mcu.externaltools.gnu-tools-for-stm32.10.3-2021.10.win32_1.0.0.202111181127/tools/bin/../lib/gcc/arm-none-eabi/10.3.1/thumb/v7e-m+fp/hard/crtbegin.o
 *(.bss*)
 .bss.hlpuart1  0x0000000020000244       0x94 ./Core/Src/main.o
                0x0000000020000244                hlpuart1
 .bss.huart2    0x00000000200002d8       0x94 ./Core/Src/main.o
                0x00000000200002d8                huart2
 .bss.hspi1     0x000000002000036c       0x64 ./Core/Src/main.o
                0x000000002000036c                hspi1
 .bss.imu       0x00000000200003d0       0x1c ./Core/Src/main.o
 .bss.mag       0x00000000200003ec       0x18 ./Core/Src/main.o
 .bss.prs       0x0000000020000404       0x10 ./Core/Src/main.o
 .bss.mag_calibration
                0x0000000020000414       0x30 ./Core/Src/main.o
 .bss.prs_calibration
                0x0000000020000444       0x18 ./Core/Src/main.o
 .bss.calibration_app
                0x000000002000045c      0x140 ./Core/Src/main.o
 .bss.imu_raw_sample
                0x000000002000059c        0xe ./Core/Src/main.o
 *fill*         0x00000000200005aa        0x2 
 .bss.accel_compensated_raw
                0x00000000200005ac        0xc ./Core/Src/main.o
 .bss.gyro_compensated_raw
                0x00000000200005b8        0xc ./Core/Src/main.o
 .bss.mag_raw_gauss
                0x00000000200005c4        0xc ./Core/Src/main.o
 .bss.mag_compensated_gauss
                0x00000000200005d0        0xc ./Core/Src/main.o
 .bss.prs_compensated_sample
                0x00000000200005dc       0x10 ./Core/Src/main.o
 *fill*         0x00000000200005ec        0x4 
 .bss.telemetry_sample
                0x00000000200005f0       0x40 ./Core/Src/main.o
 .bss.telemetry_last_send_ms
                0x0000000020000630        0x4 ./Core/Src/main.o
 .bss.frame.0   0x0000000020000634      0x180 ./Core/Src/main.o
 .bss.__sbrk_heap_end
                0x00000000200007b4        0x4 ./Core/Src/sysmem.o
 .bss.uwTick    0x00000000200007b8        0x4 ./Drivers/STM32G4xx_HAL_Driver/Src/stm32g4xx_hal.o
                0x00000000200007b8                uwTick
 .bss.cfgidx.0  0x00000000200007bc        0x1 ./Middlewares/ST/STM32_USB_Device_Library/Core/Src/usbd_ctlreq.o
 *fill*         0x00000000200007bd        0x3 
 .bss.hUsbDeviceFS
                0x00000000200007c0      0x2d0 ./USB_Device/App/usb_device.o
                0x00000000200007c0                hUsbDeviceFS
 .bss.UserRxBufferFS
                0x0000000020000a90      0x3e8 ./USB_Device/App/usbd_cdc_if.o
                0x0000000020000a90                UserRxBufferFS
 .bss.UserTxBufferFS
                0x0000000020000e78      0x3e8 ./USB_Device/App/usbd_cdc_if.o
                0x0000000020000e78                UserTxBufferFS
 .bss.USBD_StrDesc
                0x0000000020001260      0x200 ./USB_Device/App/usbd_desc.o
                0x0000000020001260                USBD_StrDesc
 .bss.hpcd_USB_FS
                0x0000000020001460      0x2dc ./USB_Device/Target/usbd_conf.o
                0x0000000020001460                hpcd_USB_FS
 .bss.mem.0     0x000000002000173c      0x220 ./USB_Device/Target/usbd_conf.o
 .bss.__malloc_free_list
                0x000000002000195c        0x4 c:/st/stm32cubeide_1.9.0/stm32cubeide/plugins/com.st.stm32cube.ide.mcu.externaltools.gnu-tools-for-stm32.10.3-2021.10.win32_1.0.0.202111181127/tools/bin/../lib/gcc/arm-none-eabi/10.3.1/../../../../arm-none-eabi/lib/thumb/v7e-m+fp/hard\libc_nano.a(lib_a-nano-mallocr.o)
                0x000000002000195c                __malloc_free_list
 .bss.__malloc_sbrk_start
                0x0000000020001960        0x4 c:/st/stm32cubeide_1.9.0/stm32cubeide/plugins/com.st.stm32cube.ide.mcu.externaltools.gnu-tools-for-stm32.10.3-2021.10.win32_1.0.0.202111181127/tools/bin/../lib/gcc/arm-none-eabi/10.3.1/../../../../arm-none-eabi/lib/thumb/v7e-m+fp/hard\libc_nano.a(lib_a-nano-mallocr.o)
                0x0000000020001960                __malloc_sbrk_start